Component: ARM Compiler 5.06 update 6 (build 750) Tool: armlink [4d35ed]

==============================================================================

Section Cross References

    main.o(i.compare) refers to gt_init.o(i.TIMs_Enable) for TIMs_Enable
    main.o(i.compare) refers to gt_init.o(i.TIMs_Disable) for TIMs_Disable
    main.o(i.main) refers to gt_init.o(i.GPIOx_Init) for GPIOx_Init
    main.o(i.main) refers to gt_init.o(i.TIMs_Init) for TIMs_Init
    main.o(i.main) refers to gt_init.o(i.TIMs_Enable) for TIMs_Enable
    main.o(i.main) refers to gt_init.o(i.TIMs_Disable) for TIMs_Disable
    main.o(i.main) refers to main.o(i.showLED) for showLED
    main.o(i.main) refers to main.o(i.compare) for compare
    main.o(i.main) refers to gt_init.o(i.Substract_Prescaler) for Substract_Prescaler
    main.o(i.showLED) refers to rand.o(.emb_text) for rand
    main.o(i.showLED) refers to gt_init.o(i.TIMs_Enable) for TIMs_Enable
    main.o(i.showLED) refers to gt_init.o(i.TIMs_Disable) for TIMs_Disable
    gt_init.o(i.Substract_Prescaler) refers to gt_init.o(.data) for counter
    gt_init.o(i.TIMs_Init) refers to gt_init.o(.data) for PrescalerT2
    rtx_lib.o(i.__user_perthread_libspace) refers to rtx_lib.o(i.os_kernel_is_active) for os_kernel_is_active
    rtx_lib.o(i.__user_perthread_libspace) refers to rtx_thread.o(.text.osThreadGetId) for osThreadGetId
    rtx_lib.o(i.__user_perthread_libspace) refers to rtx_config.o(i.osRtxErrorNotify) for osRtxErrorNotify
    rtx_lib.o(i.__user_perthread_libspace) refers to rtx_lib.o(.bss.os.libspace) for os_libspace_id
    rtx_lib.o(i._mutex_acquire) refers to rtx_lib.o(i.os_kernel_is_active) for os_kernel_is_active
    rtx_lib.o(i._mutex_acquire) refers to rtx_mutex.o(.text.osMutexAcquire) for osMutexAcquire
    rtx_lib.o(i._mutex_free) refers to rtx_mutex.o(.text.osMutexDelete) for osMutexDelete
    rtx_lib.o(i._mutex_initialize) refers to rtx_mutex.o(.text.osMutexNew) for osMutexNew
    rtx_lib.o(i._mutex_initialize) refers to rtx_config.o(i.osRtxErrorNotify) for osRtxErrorNotify
    rtx_lib.o(i._mutex_release) refers to rtx_lib.o(i.os_kernel_is_active) for os_kernel_is_active
    rtx_lib.o(i._mutex_release) refers to rtx_mutex.o(.text.osMutexRelease) for osMutexRelease
    rtx_lib.o(i._platform_post_stackheap_init) refers to rtx_kernel.o(.text.osKernelInitialize) for osKernelInitialize
    rtx_lib.o(i.os_kernel_is_active) refers to rtx_kernel.o(.text.osKernelGetState) for osKernelGetState
    rtx_lib.o(i.os_kernel_is_active) refers to rtx_lib.o(.data) for os_kernel_active
    rtx_lib.o(.constdata) refers to rtx_lib.o(.bss.os.thread.cb) for os_idle_thread_cb
    rtx_lib.o(.constdata) refers to rtx_lib.o(.bss.os.thread.stack) for os_idle_thread_stack
    rtx_lib.o(.constdata) refers to rtx_lib.o(.bss.os.msgqueue.cb) for os_timer_mq_cb
    rtx_lib.o(.constdata) refers to rtx_lib.o(.bss.os.msgqueue.mem) for os_timer_mq_data
    rtx_lib.o(.data) refers to irq_cm3.o(.constdata) for irqRtxLib
    rtx_lib.o(.rodata) refers to rtx_lib.o(.bss.os) for os_isr_queue
    rtx_lib.o(.rodata) refers to rtx_lib.o(.constdata) for os_idle_thread_attr
    startup_stm32f10x_md.o(STACK) refers (Special) to heapauxi.o(.text) for __use_two_region_memory
    startup_stm32f10x_md.o(HEAP) refers (Special) to heapauxi.o(.text) for __use_two_region_memory
    startup_stm32f10x_md.o(RESET) refers (Special) to heapauxi.o(.text) for __use_two_region_memory
    startup_stm32f10x_md.o(RESET) refers to startup_stm32f10x_md.o(STACK) for __initial_sp
    startup_stm32f10x_md.o(RESET) refers to startup_stm32f10x_md.o(.text) for Reset_Handler
    startup_stm32f10x_md.o(RESET) refers to irq_cm3.o(.text) for SVC_Handler
    startup_stm32f10x_md.o(.text) refers (Special) to heapauxi.o(.text) for __use_two_region_memory
    startup_stm32f10x_md.o(.text) refers to system_stm32f10x.o(i.SystemInit) for SystemInit
    startup_stm32f10x_md.o(.text) refers to __main.o(!!!main) for __main
    startup_stm32f10x_md.o(.text) refers to startup_stm32f10x_md.o(HEAP) for Heap_Mem
    startup_stm32f10x_md.o(.text) refers to startup_stm32f10x_md.o(STACK) for Stack_Mem
    system_stm32f10x.o(i.SetSysClock) refers to system_stm32f10x.o(i.SetSysClockTo72) for SetSysClockTo72
    system_stm32f10x.o(i.SystemCoreClockUpdate) refers to system_stm32f10x.o(.data) for SystemCoreClock
    system_stm32f10x.o(i.SystemInit) refers to system_stm32f10x.o(i.SetSysClock) for SetSysClock
    rtx_kernel.o(.ARM.exidx.text.osRtxKernelPreInit) refers to rtx_kernel.o(.text.osRtxKernelPreInit) for [Anonymous Symbol]
    rtx_kernel.o(.text.osKernelInitialize) refers to rtx_lib.o(i.osRtxKernelPreInit) for osRtxKernelPreInit
    rtx_kernel.o(.text.osKernelInitialize) refers to rtx_kernel.o(.text.svcRtxKernelInitialize) for svcRtxKernelInitialize
    rtx_kernel.o(.ARM.exidx.text.osKernelInitialize) refers to rtx_kernel.o(.text.osKernelInitialize) for [Anonymous Symbol]
[...]
    Removing rtx_kernel.o(.ARM.exidx.text.osKernelGetTickCount), (8 bytes).
    Removing rtx_kernel.o(.text.svcRtxKernelGetTickCount), (12 bytes).
    Removing rtx_kernel.o(.ARM.exidx.text.svcRtxKernelGetTickCount), (8 bytes).
    Removing rtx_kernel.o(.text.osKernelGetTickFreq), (40 bytes).
    Removing rtx_kernel.o(.ARM.exidx.text.osKernelGetTickFreq), (8 bytes).
    Removing rtx_kernel.o(.text.svcRtxKernelGetTickFreq), (12 bytes).
    Removing rtx_kernel.o(.ARM.exidx.text.svcRtxKernelGetTickFreq), (8 bytes).
    Removing rtx_kernel.o(.text.osKernelGetSysTimerCount), (36 bytes).
    Removing rtx_kernel.o(.ARM.exidx.text.osKernelGetSysTimerCount), (8 bytes).
    Removing rtx_kernel.o(.text.svcRtxKernelGetSysTimerCount), (40 bytes).
    Removing rtx_kernel.o(.ARM.exidx.text.svcRtxKernelGetSysTimerCount), (8 bytes).
    Removing rtx_kernel.o(.text.osKernelGetSysTimerFreq), (36 bytes).
    Removing rtx_kernel.o(.ARM.exidx.text.osKernelGetSysTimerFreq), (8 bytes).
    Removing rtx_kernel.o(.text.svcRtxKernelGetSysTimerFreq), (4 bytes).
    Removing rtx_kernel.o(.ARM.exidx.text.svcRtxKernelGetSysTimerFreq), (8 bytes).
    Removing rtx_kernel.o(.ARM.exidx.text.svcRtxKernelInitialize), (8 bytes).
    Removing rtx_kernel.o(.text.svcRtxKernelStart), (140 bytes).
    Removing rtx_kernel.o(.ARM.exidx.text.svcRtxKernelStart), (8 bytes).
    Removing rtx_kernel.o(.text.svcRtxKernelLock), (32 bytes).
    Removing rtx_kernel.o(.ARM.exidx.text.svcRtxKernelLock), (8 bytes).
    Removing rtx_kernel.o(.text.svcRtxKernelUnlock), (32 bytes).
    Removing rtx_kernel.o(.ARM.exidx.text.svcRtxKernelUnlock), (8 bytes).
    Removing rtx_kernel.o(.text.svcRtxKernelRestoreLock), (44 bytes).
    Removing rtx_kernel.o(.ARM.exidx.text.svcRtxKernelRestoreLock), (8 bytes).
    Removing rtx_kernel.o(.text.svcRtxKernelSuspend), (84 bytes).
    Removing rtx_kernel.o(.ARM.exidx.text.svcRtxKernelSuspend), (8 bytes).
    Removing rtx_kernel.o(.text.svcRtxKernelResume), (156 bytes).
    Removing rtx_kernel.o(.ARM.exidx.text.svcRtxKernelResume), (8 bytes).
    Removing rtx_thread.o(.text), (0 bytes).
    Removing rtx_thread.o(.ARM.exidx.text.osRtxThreadListPut), (8 bytes).
    Removing rtx_thread.o(.ARM.exidx.text.osRtxThreadListGet), (8 bytes).
    Removing rtx_thread.o(.ARM.exidx.text.osRtxThreadListSort), (8 bytes).
    Removing rtx_thread.o(.ARM.exidx.text.osRtxThreadListRemove), (8 bytes).
    Removing rtx_thread.o(.ARM.exidx.text.osRtxThreadReadyPut), (8 bytes).
    Removing rtx_thread.o(.ARM.exidx.text.osRtxThreadDelayTick), (8 bytes).
    Removing rtx_thread.o(.text.osRtxThreadRegPtr), (6 bytes).
    Removing rtx_thread.o(.ARM.exidx.text.osRtxThreadRegPtr), (8 bytes).
    Removing rtx_thread.o(.ARM.exidx.text.osRtxThreadSwitch), (8 bytes).
    Removing rtx_thread.o(.ARM.exidx.text.osRtxThreadStackCheck), (8 bytes).
    Removing rtx_thread.o(.ARM.exidx.text.osRtxThreadDispatch), (8 bytes).
    Removing rtx_thread.o(.ARM.exidx.text.osRtxThreadBlock), (8 bytes).
    Removing rtx_thread.o(.ARM.exidx.text.osRtxThreadWaitExit), (8 bytes).
    Removing rtx_thread.o(.ARM.exidx.text.osRtxThreadDelayRemove), (8 bytes).
    Removing rtx_thread.o(.ARM.exidx.text.osRtxThreadWaitEnter), (8 bytes).
    Removing rtx_thread.o(.ARM.exidx.text.osRtxThreadDelayInsert), (8 bytes).
    Removing rtx_thread.o(.text.osRtxThreadStartup), (88 bytes).
    Removing rtx_thread.o(.ARM.exidx.text.osRtxThreadStartup), (8 bytes).
    Removing rtx_thread.o(.text.svcRtxThreadNew), (476 bytes).
    Removing rtx_thread.o(.ARM.exidx.text.svcRtxThreadNew), (8 bytes).
    Removing rtx_thread.o(.text.osThreadNew), (36 bytes).
    Removing rtx_thread.o(.ARM.exidx.text.osThreadNew), (8 bytes).
    Removing rtx_thread.o(.text.osThreadGetName), (36 bytes).
    Removing rtx_thread.o(.ARM.exidx.text.osThreadGetName), (8 bytes).
    Removing rtx_thread.o(.text.osThreadGetId), (40 bytes).
    Removing rtx_thread.o(.ARM.exidx.text.osThreadGetId), (8 bytes).
    Removing rtx_thread.o(.text.svcRtxThreadGetId), (12 bytes).
    Removing rtx_thread.o(.ARM.exidx.text.svcRtxThreadGetId), (8 bytes).
    Removing rtx_thread.o(.text.osThreadGetState), (36 bytes).
    Removing rtx_thread.o(.ARM.exidx.text.osThreadGetState), (8 bytes).
    Removing rtx_thread.o(.text.osThreadGetStackSize), (36 bytes).
    Removing rtx_thread.o(.ARM.exidx.text.osThreadGetStackSize), (8 bytes).
    Removing rtx_thread.o(.text.osThreadGetStackSpace), (36 bytes).
    Removing rtx_thread.o(.ARM.exidx.text.osThreadGetStackSpace), (8 bytes).
    Removing rtx_thread.o(.text.osThreadSetPriority), (36 bytes).
    Removing rtx_thread.o(.ARM.exidx.text.osThreadSetPriority), (8 bytes).
    Removing rtx_thread.o(.text.osThreadGetPriority), (36 bytes).
    Removing rtx_thread.o(.ARM.exidx.text.osThreadGetPriority), (8 bytes).
    Removing rtx_thread.o(.text.osThreadYield), (36 bytes).
    Removing rtx_thread.o(.ARM.exidx.text.osThreadYield), (8 bytes).
    Removing rtx_thread.o(.text.osThreadSuspend), (36 bytes).
    Removing rtx_thread.o(.ARM.exidx.text.osThreadSuspend), (8 bytes).
    Removing rtx_thread.o(.text.osThreadResume), (36 bytes).
    Removing rtx_thread.o(.ARM.exidx.text.osThreadResume), (8 bytes).
    Removing rtx_thread.o(.text.osThreadDetach), (36 bytes).
    Removing rtx_thread.o(.ARM.exidx.text.osThreadDetach), (8 bytes).
    Removing rtx_thread.o(.text.osThreadJoin), (36 bytes).
    Removing rtx_thread.o(.ARM.exidx.text.osThreadJoin), (8 bytes).
    Removing rtx_thread.o(.text.osThreadExit), (12 bytes).
    Removing rtx_thread.o(.ARM.exidx.text.osThreadExit), (8 bytes).
    Removing rtx_thread.o(.text.osThreadTerminate), (36 bytes).
    Removing rtx_thread.o(.ARM.exidx.text.osThreadTerminate), (8 bytes).
    Removing rtx_thread.o(.text.osThreadGetCount), (36 bytes).
    Removing rtx_thread.o(.ARM.exidx.text.osThreadGetCount), (8 bytes).
    Removing rtx_thread.o(.text.osThreadEnumerate), (36 bytes).
    Removing rtx_thread.o(.ARM.exidx.text.osThreadEnumerate), (8 bytes).
    Removing rtx_thread.o(.text.osThreadFlagsSet), (88 bytes).
    Removing rtx_thread.o(.ARM.exidx.text.osThreadFlagsSet), (8 bytes).
    Removing rtx_thread.o(.text.osThreadFlagsClear), (36 bytes).
    Removing rtx_thread.o(.ARM.exidx.text.osThreadFlagsClear), (8 bytes).
    Removing rtx_thread.o(.text.osThreadFlagsGet), (36 bytes).
    Removing rtx_thread.o(.ARM.exidx.text.osThreadFlagsGet), (8 bytes).
    Removing rtx_thread.o(.text.osThreadFlagsWait), (36 bytes).
    Removing rtx_thread.o(.ARM.exidx.text.osThreadFlagsWait), (8 bytes).
    Removing rtx_thread.o(.text.osRtxThreadPostProcess), (42 bytes).
    Removing rtx_thread.o(.ARM.exidx.text.osRtxThreadPostProcess), (8 bytes).
    Removing rtx_thread.o(.text.ThreadFlagsCheck), (106 bytes).
    Removing rtx_thread.o(.ARM.exidx.text.ThreadFlagsCheck), (8 bytes).
    Removing rtx_thread.o(.text.svcRtxThreadGetName), (16 bytes).
    Removing rtx_thread.o(.ARM.exidx.text.svcRtxThreadGetName), (8 bytes).
    Removing rtx_thread.o(.text.svcRtxThreadGetState), (22 bytes).
    Removing rtx_thread.o(.ARM.exidx.text.svcRtxThreadGetState), (8 bytes).
    Removing rtx_thread.o(.text.svcRtxThreadGetStackSize), (16 bytes).
    Removing rtx_thread.o(.ARM.exidx.text.svcRtxThreadGetStackSize), (8 bytes).
    Removing rtx_thread.o(.text.svcRtxThreadGetStackSpace), (64 bytes).
    Removing rtx_thread.o(.ARM.exidx.text.svcRtxThreadGetStackSpace), (8 bytes).
    Removing rtx_thread.o(.text.svcRtxThreadSetPriority), (76 bytes).
    Removing rtx_thread.o(.ARM.exidx.text.svcRtxThreadSetPriority), (8 bytes).
    Removing rtx_thread.o(.text.svcRtxThreadGetPriority), (26 bytes).
    Removing rtx_thread.o(.ARM.exidx.text.svcRtxThreadGetPriority), (8 bytes).
    Removing rtx_thread.o(.text.svcRtxThreadYield), (56 bytes).
    Removing rtx_thread.o(.ARM.exidx.text.svcRtxThreadYield), (8 bytes).
    Removing rtx_thread.o(.text.svcRtxThreadSuspend), (128 bytes).
    Removing rtx_thread.o(.ARM.exidx.text.svcRtxThreadSuspend), (8 bytes).
    Removing rtx_thread.o(.text.svcRtxThreadResume), (56 bytes).
    Removing rtx_thread.o(.ARM.exidx.text.svcRtxThreadResume), (8 bytes).
    Removing rtx_thread.o(.text.svcRtxThreadDetach), (62 bytes).
    Removing rtx_thread.o(.ARM.exidx.text.svcRtxThreadDetach), (8 bytes).
    Removing rtx_thread.o(.text.osRtxThreadListUnlink), (32 bytes).
    Removing rtx_thread.o(.ARM.exidx.text.osRtxThreadListUnlink), (8 bytes).
    Removing rtx_thread.o(.text.osRtxThreadFree), (88 bytes).
    Removing rtx_thread.o(.ARM.exidx.text.osRtxThreadFree), (8 bytes).
    Removing rtx_thread.o(.text.svcRtxThreadJoin), (80 bytes).
    Removing rtx_thread.o(.ARM.exidx.text.svcRtxThreadJoin), (8 bytes).
    Removing rtx_thread.o(.text.svcRtxThreadExit), (104 bytes).
    Removing rtx_thread.o(.ARM.exidx.text.svcRtxThreadExit), (8 bytes).
    Removing rtx_thread.o(.text.svcRtxThreadTerminate), (188 bytes).
    Removing rtx_thread.o(.ARM.exidx.text.svcRtxThreadTerminate), (8 bytes).
    Removing rtx_thread.o(.text.svcRtxThreadGetCount), (56 bytes).
    Removing rtx_thread.o(.ARM.exidx.text.svcRtxThreadGetCount), (8 bytes).
    Removing rtx_thread.o(.text.svcRtxThreadEnumerate), (104 bytes).
    Removing rtx_thread.o(.ARM.exidx.text.svcRtxThreadEnumerate), (8 bytes).
    Removing rtx_thread.o(.text.svcRtxThreadFlagsSet), (102 bytes).
    Removing rtx_thread.o(.ARM.exidx.text.svcRtxThreadFlagsSet), (8 bytes).
    Removing rtx_thread.o(.text.svcRtxThreadFlagsClear), (52 bytes).
    Removing rtx_thread.o(.ARM.exidx.text.svcRtxThreadFlagsClear), (8 bytes).
    Removing rtx_thread.o(.text.svcRtxThreadFlagsGet), (20 bytes).
    Removing rtx_thread.o(.ARM.exidx.text.svcRtxThreadFlagsGet), (8 bytes).
    Removing rtx_thread.o(.text.svcRtxThreadFlagsWait), (76 bytes).
    Removing rtx_thread.o(.ARM.exidx.text.svcRtxThreadFlagsWait), (8 bytes).
    Removing rtx_mutex.o(.text), (0 bytes).
    Removing rtx_mutex.o(.text.osRtxMutexOwnerRelease), (68 bytes).
    Removing rtx_mutex.o(.ARM.exidx.text.osRtxMutexOwnerRelease), (8 bytes).
    Removing rtx_mutex.o(.ARM.exidx.text.osMutexNew), (8 bytes).
    Removing rtx_mutex.o(.text.osMutexGetName), (36 bytes).
    Removing rtx_mutex.o(.ARM.exidx.text.osMutexGetName), (8 bytes).
    Removing rtx_mutex.o(.ARM.exidx.text.osMutexAcquire), (8 bytes).
    Removing rtx_mutex.o(.ARM.exidx.text.osMutexRelease), (8 bytes).
    Removing rtx_mutex.o(.text.osMutexGetOwner), (36 bytes).
    Removing rtx_mutex.o(.ARM.exidx.text.osMutexGetOwner), (8 bytes).
    Removing rtx_mutex.o(.ARM.exidx.text.osMutexDelete), (8 bytes).
    Removing rtx_mutex.o(.ARM.exidx.text.svcRtxMutexNew), (8 bytes).
    Removing rtx_mutex.o(.text.svcRtxMutexGetName), (16 bytes).
    Removing rtx_mutex.o(.ARM.exidx.text.svcRtxMutexGetName), (8 bytes).
    Removing rtx_mutex.o(.ARM.exidx.text.svcRtxMutexAcquire), (8 bytes).
    Removing rtx_mutex.o(.ARM.exidx.text.svcRtxMutexRelease), (8 bytes).
    Removing rtx_mutex.o(.text.svcRtxMutexGetOwner), (20 bytes).
    Removing rtx_mutex.o(.ARM.exidx.text.svcRtxMutexGetOwner), (8 bytes).
    Removing rtx_mutex.o(.ARM.exidx.text.svcRtxMutexDelete), (8 bytes).
    Removing rtx_timer.o(.text), (0 bytes).
    Removing rtx_timer.o(.text.osRtxTimerThread), (68 bytes).
    Removing rtx_timer.o(.ARM.exidx.text.osRtxTimerThread), (8 bytes).
    Removing rtx_timer.o(.text.osRtxTimerTick), (88 bytes).
    Removing rtx_timer.o(.ARM.exidx.text.osRtxTimerTick), (8 bytes).
    Removing rtx_timer.o(.text.osTimerNew), (48 bytes).
    Removing rtx_timer.o(.ARM.exidx.text.osTimerNew), (8 bytes).
    Removing rtx_timer.o(.text.osTimerGetName), (36 bytes).
    Removing rtx_timer.o(.ARM.exidx.text.osTimerGetName), (8 bytes).
    Removing rtx_timer.o(.text.osTimerStart), (36 bytes).
    Removing rtx_timer.o(.ARM.exidx.text.osTimerStart), (8 bytes).
    Removing rtx_timer.o(.text.osTimerStop), (36 bytes).
    Removing rtx_timer.o(.ARM.exidx.text.osTimerStop), (8 bytes).
    Removing rtx_timer.o(.text.osTimerIsRunning), (36 bytes).
    Removing rtx_timer.o(.ARM.exidx.text.osTimerIsRunning), (8 bytes).
    Removing rtx_timer.o(.text.osTimerDelete), (36 bytes).
    Removing rtx_timer.o(.ARM.exidx.text.osTimerDelete), (8 bytes).
    Removing rtx_timer.o(.text.TimerInsert), (80 bytes).
    Removing rtx_timer.o(.ARM.exidx.text.TimerInsert), (8 bytes).
    Removing rtx_timer.o(.text.svcRtxTimerNew), (124 bytes).
    Removing rtx_timer.o(.ARM.exidx.text.svcRtxTimerNew), (8 bytes).
    Removing rtx_timer.o(.text.svcRtxTimerGetName), (16 bytes).
    Removing rtx_timer.o(.ARM.exidx.text.svcRtxTimerGetName), (8 bytes).
    Removing rtx_timer.o(.text.svcRtxTimerStart), (76 bytes).
    Removing rtx_timer.o(.ARM.exidx.text.svcRtxTimerStart), (8 bytes).
    Removing rtx_timer.o(.text.TimerRemove), (48 bytes).
    Removing rtx_timer.o(.ARM.exidx.text.TimerRemove), (8 bytes).
    Removing rtx_timer.o(.text.svcRtxTimerStop), (40 bytes).
    Removing rtx_timer.o(.ARM.exidx.text.svcRtxTimerStop), (8 bytes).
    Removing rtx_timer.o(.text.svcRtxTimerIsRunning), (24 bytes).
    Removing rtx_timer.o(.ARM.exidx.text.svcRtxTimerIsRunning), (8 bytes).
    Removing rtx_timer.o(.text.svcRtxTimerDelete), (76 bytes).
    Removing rtx_timer.o(.ARM.exidx.text.svcRtxTimerDelete), (8 bytes).
    Removing rtx_memory.o(.text), (0 bytes).
    Removing rtx_memory.o(.ARM.exidx.text.osRtxMemoryInit), (8 bytes).
    Removing rtx_memory.o(.ARM.exidx.text.osRtxMemoryAlloc), (8 bytes).
    Removing rtx_memory.o(.ARM.exidx.text.osRtxMemoryFree), (8 bytes).
    Removing rtx_mempool.o(.text), (0 bytes).
    Removing rtx_mempool.o(.ARM.exidx.text.osRtxMemoryPoolInit), (8 bytes).
    Removing rtx_mempool.o(.ARM.exidx.text.osRtxMemoryPoolAlloc), (8 bytes).
    Removing rtx_mempool.o(.ARM.exidx.text.osRtxMemoryPoolFree), (8 bytes).
    Removing rtx_mempool.o(.text.osMemoryPoolNew), (36 bytes).
    Removing rtx_mempool.o(.ARM.exidx.text.osMemoryPoolNew), (8 bytes).
    Removing rtx_mempool.o(.text.osMemoryPoolGetName), (36 bytes).
    Removing rtx_mempool.o(.ARM.exidx.text.osMemoryPoolGetName), (8 bytes).
    Removing rtx_mempool.o(.text.osMemoryPoolAlloc), (100 bytes).
    Removing rtx_mempool.o(.ARM.exidx.text.osMemoryPoolAlloc), (8 bytes).
    Removing rtx_mempool.o(.text.osMemoryPoolFree), (72 bytes).
    Removing rtx_mempool.o(.ARM.exidx.text.osMemoryPoolFree), (8 bytes).
    Removing rtx_mempool.o(.text.osMemoryPoolGetCapacity), (48 bytes).
    Removing rtx_mempool.o(.ARM.exidx.text.osMemoryPoolGetCapacity), (8 bytes).
    Removing rtx_mempool.o(.text.svcRtxMemoryPoolGetCapacity), (16 bytes).
    Removing rtx_mempool.o(.ARM.exidx.text.svcRtxMemoryPoolGetCapacity), (8 bytes).
    Removing rtx_mempool.o(.text.osMemoryPoolGetBlockSize), (48 bytes).
    Removing rtx_mempool.o(.ARM.exidx.text.osMemoryPoolGetBlockSize), (8 bytes).
    Removing rtx_mempool.o(.text.svcRtxMemoryPoolGetBlockSize), (16 bytes).
    Removing rtx_mempool.o(.ARM.exidx.text.svcRtxMemoryPoolGetBlockSize), (8 bytes).
    Removing rtx_mempool.o(.text.osMemoryPoolGetCount), (48 bytes).
    Removing rtx_mempool.o(.ARM.exidx.text.osMemoryPoolGetCount), (8 bytes).
    Removing rtx_mempool.o(.text.svcRtxMemoryPoolGetCount), (16 bytes).
    Removing rtx_mempool.o(.ARM.exidx.text.svcRtxMemoryPoolGetCount), (8 bytes).
    Removing rtx_mempool.o(.text.osMemoryPoolGetSpace), (36 bytes).
    Removing rtx_mempool.o(.ARM.exidx.text.osMemoryPoolGetSpace), (8 bytes).
    Removing rtx_mempool.o(.text.svcRtxMemoryPoolGetSpace), (20 bytes).
    Removing rtx_mempool.o(.ARM.exidx.text.svcRtxMemoryPoolGetSpace), (8 bytes).
    Removing rtx_mempool.o(.text.osMemoryPoolDelete), (36 bytes).
    Removing rtx_mempool.o(.ARM.exidx.text.osMemoryPoolDelete), (8 bytes).
    Removing rtx_mempool.o(.text.svcRtxMemoryPoolNew), (328 bytes).
    Removing rtx_mempool.o(.ARM.exidx.text.svcRtxMemoryPoolNew), (8 bytes).
    Removing rtx_mempool.o(.text.osRtxMemoryPoolPostProcess), (70 bytes).
    Removing rtx_mempool.o(.ARM.exidx.text.osRtxMemoryPoolPostProcess), (8 bytes).
    Removing rtx_mempool.o(.text.svcRtxMemoryPoolGetName), (16 bytes).
    Removing rtx_mempool.o(.ARM.exidx.text.svcRtxMemoryPoolGetName), (8 bytes).
    Removing rtx_mempool.o(.text.svcRtxMemoryPoolAlloc), (88 bytes).
    Removing rtx_mempool.o(.ARM.exidx.text.svcRtxMemoryPoolAlloc), (8 bytes).
    Removing rtx_mempool.o(.text.svcRtxMemoryPoolFree), (98 bytes).
    Removing rtx_mempool.o(.ARM.exidx.text.svcRtxMemoryPoolFree), (8 bytes).
    Removing rtx_mempool.o(.text.svcRtxMemoryPoolDelete), (112 bytes).
    Removing rtx_mempool.o(.ARM.exidx.text.svcRtxMemoryPoolDelete), (8 bytes).
    Removing rtx_system.o(.text), (0 bytes).
    Removing rtx_system.o(.ARM.exidx.text.osRtxTick_Handler), (8 bytes).
    Removing rtx_system.o(.ARM.exidx.text.osRtxPendSV_Handler), (8 bytes).
    Removing rtx_system.o(.text.osRtxPostProcess), (116 bytes).
    Removing rtx_system.o(.ARM.exidx.text.osRtxPostProcess), (8 bytes).
    Removing os_systick.o(.text), (0 bytes).
    Removing os_systick.o(.text.OS_Tick_Setup), (64 bytes).
    Removing os_systick.o(.ARM.exidx.text.OS_Tick_Setup), (8 bytes).
    Removing os_systick.o(.text.OS_Tick_Enable), (44 bytes).
    Removing os_systick.o(.ARM.exidx.text.OS_Tick_Enable), (8 bytes).
    Removing os_systick.o(.text.OS_Tick_Disable), (48 bytes).
    Removing os_systick.o(.ARM.exidx.text.OS_Tick_Disable), (8 bytes).
    Removing os_systick.o(.ARM.exidx.text.OS_Tick_AcknowledgeIRQ), (8 bytes).
    Removing os_systick.o(.text.OS_Tick_GetIRQn), (6 bytes).
    Removing os_systick.o(.ARM.exidx.text.OS_Tick_GetIRQn), (8 bytes).
    Removing os_systick.o(.text.OS_Tick_GetClock), (12 bytes).
    Removing os_systick.o(.ARM.exidx.text.OS_Tick_GetClock), (8 bytes).
    Removing os_systick.o(.text.OS_Tick_GetInterval), (12 bytes).
    Removing os_systick.o(.ARM.exidx.text.OS_Tick_GetInterval), (8 bytes).
    Removing os_systick.o(.text.OS_Tick_GetCount), (16 bytes).
    Removing os_systick.o(.ARM.exidx.text.OS_Tick_GetCount), (8 bytes).
    Removing os_systick.o(.text.OS_Tick_GetOverflow), (16 bytes).
    Removing os_systick.o(.ARM.exidx.text.OS_Tick_GetOverflow), (8 bytes).
    Removing os_systick.o(.bss.PendST), (1 bytes).
    Removing rtx_msgqueue.o(.text), (0 bytes).
    Removing rtx_msgqueue.o(.text.osMessageQueueNew), (36 bytes).
    Removing rtx_msgqueue.o(.ARM.exidx.text.osMessageQueueNew), (8 bytes).
    Removing rtx_msgqueue.o(.text.osMessageQueueGetName), (36 bytes).
    Removing rtx_msgqueue.o(.ARM.exidx.text.osMessageQueueGetName), (8 bytes).
    Removing rtx_msgqueue.o(.text.osMessageQueuePut), (124 bytes).
    Removing rtx_msgqueue.o(.ARM.exidx.text.osMessageQueuePut), (8 bytes).
    Removing rtx_msgqueue.o(.text.osMessageQueueGet), (108 bytes).
    Removing rtx_msgqueue.o(.ARM.exidx.text.osMessageQueueGet), (8 bytes).
    Removing rtx_msgqueue.o(.text.osMessageQueueGetCapacity), (48 bytes).
    Removing rtx_msgqueue.o(.ARM.exidx.text.osMessageQueueGetCapacity), (8 bytes).
    Removing rtx_msgqueue.o(.text.svcRtxMessageQueueGetCapacity), (16 bytes).
    Removing rtx_msgqueue.o(.ARM.exidx.text.svcRtxMessageQueueGetCapacity), (8 bytes).
    Removing rtx_msgqueue.o(.text.osMessageQueueGetMsgSize), (48 bytes).
    Removing rtx_msgqueue.o(.ARM.exidx.text.osMessageQueueGetMsgSize), (8 bytes).
    Removing rtx_msgqueue.o(.text.svcRtxMessageQueueGetMsgSize), (16 bytes).
    Removing rtx_msgqueue.o(.ARM.exidx.text.svcRtxMessageQueueGetMsgSize), (8 bytes).
    Removing rtx_msgqueue.o(.text.osMessageQueueGetCount), (48 bytes).
    Removing rtx_msgqueue.o(.ARM.exidx.text.osMessageQueueGetCount), (8 bytes).
    Removing rtx_msgqueue.o(.text.svcRtxMessageQueueGetCount), (16 bytes).
    Removing rtx_msgqueue.o(.ARM.exidx.text.svcRtxMessageQueueGetCount), (8 bytes).
    Removing rtx_msgqueue.o(.text.osMessageQueueGetSpace), (36 bytes).
    Removing rtx_msgqueue.o(.ARM.exidx.text.osMessageQueueGetSpace), (8 bytes).
    Removing rtx_msgqueue.o(.text.svcRtxMessageQueueGetSpace), (20 bytes).
    Removing rtx_msgqueue.o(.ARM.exidx.text.svcRtxMessageQueueGetSpace), (8 bytes).
    Removing rtx_msgqueue.o(.text.osMessageQueueReset), (36 bytes).
    Removing rtx_msgqueue.o(.ARM.exidx.text.osMessageQueueReset), (8 bytes).
    Removing rtx_msgqueue.o(.text.osMessageQueueDelete), (36 bytes).
    Removing rtx_msgqueue.o(.ARM.exidx.text.osMessageQueueDelete), (8 bytes).
    Removing rtx_msgqueue.o(.text.svcRtxMessageQueueNew), (308 bytes).
    Removing rtx_msgqueue.o(.ARM.exidx.text.svcRtxMessageQueueNew), (8 bytes).
    Removing rtx_msgqueue.o(.text.osRtxMessageQueuePostProcess), (192 bytes).
    Removing rtx_msgqueue.o(.ARM.exidx.text.osRtxMessageQueuePostProcess), (8 bytes).
    Removing rtx_msgqueue.o(.text.MessageQueueRemove), (28 bytes).
    Removing rtx_msgqueue.o(.ARM.exidx.text.MessageQueueRemove), (8 bytes).
    Removing rtx_msgqueue.o(.text.MessageQueuePut), (100 bytes).
    Removing rtx_msgqueue.o(.ARM.exidx.text.MessageQueuePut), (8 bytes).
    Removing rtx_msgqueue.o(.text.svcRtxMessageQueueGetName), (16 bytes).
    Removing rtx_msgqueue.o(.ARM.exidx.text.svcRtxMessageQueueGetName), (8 bytes).
    Removing rtx_msgqueue.o(.text.svcRtxMessageQueuePut), (192 bytes).
    Removing rtx_msgqueue.o(.ARM.exidx.text.svcRtxMessageQueuePut), (8 bytes).
    Removing rtx_msgqueue.o(.text.MessageQueueGet), (70 bytes).
    Removing rtx_msgqueue.o(.ARM.exidx.text.MessageQueueGet), (8 bytes).
    Removing rtx_msgqueue.o(.text.svcRtxMessageQueueGet), (232 bytes).
    Removing rtx_msgqueue.o(.ARM.exidx.text.svcRtxMessageQueueGet), (8 bytes).
    Removing rtx_msgqueue.o(.text.svcRtxMessageQueueReset), (174 bytes).
    Removing rtx_msgqueue.o(.ARM.exidx.text.svcRtxMessageQueueReset), (8 bytes).
    Removing rtx_msgqueue.o(.text.svcRtxMessageQueueDelete), (112 bytes).
    Removing rtx_msgqueue.o(.ARM.exidx.text.svcRtxMessageQueueDelete), (8 bytes).

355 unused section(s) (total 10961 bytes) removed from the image.

==============================================================================

Image Symbol Table

    Local Symbols

    Symbol Name                              Value     Ov Type        Size  Object(Section)

    ../clib/angel/boardlib.s                 0x00000000   Number         0  boardshut.o ABSOLUTE
    ../clib/angel/boardlib.s                 0x00000000   Number         0  boardinit1.o ABSOLUTE
    ../clib/angel/boardlib.s                 0x00000000   Number         0  boardinit3.o ABSOLUTE
    ../clib/angel/dczerorl.s                 0x00000000   Number         0  __dczerorl.o ABSOLUTE
    ../clib/angel/handlers.s                 0x00000000   Number         0  __scatter_zi.o ABSOLUTE
    ../clib/angel/kernel.s                   0x00000000   Number         0  __rtentry2.o ABSOLUTE
    ../clib/angel/kernel.s                   0x00000000   Number         0  __rtentry4.o ABSOLUTE
    ../clib/angel/kernel.s                   0x00000000   Number         0  rtexit.o ABSOLUTE
    ../clib/angel/kernel.s                   0x00000000   Number         0  __rtentry.o ABSOLUTE
    ../clib/angel/kernel.s                   0x00000000   Number         0  rtexit2.o ABSOLUTE
    ../clib/angel/rt.s                       0x00000000   Number         0  rt_raise.o ABSOLUTE
    ../clib/angel/scatter.s                  0x00000000   Number         0  __scatter.o ABSOLUTE
    ../clib/angel/startup.s                  0x00000000   Number         0  __main.o ABSOLUTE
    ../clib/angel/sys.s                      0x00000000   Number         0  sys_stackheap_outer.o ABSOLUTE
    ../clib/angel/sys.s                      0x00000000   Number         0  libspace.o ABSOLUTE
    ../clib/angel/sys.s                      0x00000000   Number         0  indicate_semi.o ABSOLUTE
    ../clib/angel/sys.s                      0x00000000   Number         0  use_no_semi.o ABSOLUTE
    ../clib/angel/sysapp.c                   0x00000000   Number         0  sys_exit.o ABSOLUTE
    ../clib/angel/sysapp.c                   0x00000000   Number         0  sys_command.o ABSOLUTE
    ../clib/angel/sysapp.c                   0x00000000   Number         0  sys_wrch.o ABSOLUTE
    ../clib/armsys.c                         0x00000000   Number         0  argv_veneer.o ABSOLUTE
    ../clib/armsys.c                         0x00000000   Number         0  argv_veneer.o ABSOLUTE
    ../clib/armsys.c                         0x00000000   Number         0  _get_argv_nomalloc.o ABSOLUTE
    ../clib/armsys.c                         0x00000000   Number         0  no_argv.o ABSOLUTE
    ../clib/heapalloc.c                      0x00000000   Number         0  hrguard.o ABSOLUTE
    ../clib/heapaux.c                        0x00000000   Number         0  heapauxi.o ABSOLUTE
    ../clib/libinit.s                        0x00000000   Number         0  libinit2.o ABSOLUTE
    ../clib/libinit.s                        0x00000000   Number         0  libshutdown.o ABSOLUTE
    ../clib/libinit.s                        0x00000000   Number         0  libinit.o ABSOLUTE
    ../clib/libinit.s                        0x00000000   Number         0  libshutdown2.o ABSOLUTE
    ../clib/memcpset.s                       0x00000000   Number         0  rt_memclr_w.o ABSOLUTE
    ../clib/memcpset.s                       0x00000000   Number         0  rt_memclr.o ABSOLUTE
    ../clib/memcpset.s                       0x00000000   Number         0  rt_memcpy_v6.o ABSOLUTE
    ../clib/memcpset.s                       0x00000000   Number         0  rt_memcpy_w.o ABSOLUTE
    ../clib/signal.c                         0x00000000   Number         0  __raise.o ABSOLUTE
    ../clib/signal.c                         0x00000000   Number         0  defsig_general.o ABSOLUTE
    ../clib/signal.c                         0x00000000   Number         0  defsig_rtmem_inner.o ABSOLUTE
    ../clib/signal.c                         0x00000000   Number         0  defsig_abrt_inner.o ABSOLUTE
    ../clib/signal.c                         0x00000000   Number         0  defsig_rtred_inner.o ABSOLUTE
    ../clib/signal.c                         0x00000000   Number         0  defsig_stak_inner.o ABSOLUTE
    ../clib/signal.c                         0x00000000   Number         0  defsig_exit.o ABSOLUTE
    ../clib/signal.c                         0x00000000   Number         0  defsig_rtmem_formal.o ABSOLUTE
    ../clib/signal.c                         0x00000000   Number         0  defsig_rtmem_outer.o ABSOLUTE
    ../clib/signal.c                         0x00000000   Number         0  defsig_pvfn_inner.o ABSOLUTE
    ../clib/signal.c                         0x00000000   Number         0  defsig_cppl_inner.o ABSOLUTE
    ../clib/signal.c                         0x00000000   Number         0  defsig_segv_inner.o ABSOLUTE
    ../clib/signal.c                         0x00000000   Number         0  defsig_other.o ABSOLUTE
    ../clib/signal.c                         0x00000000   Number         0  defsig_fpe_inner.o ABSOLUTE
    ../clib/signal.s                         0x00000000   Number         0  defsig.o ABSOLUTE
    ../clib/stdlib.c                         0x00000000   Number         0  exit.o ABSOLUTE
    ../clib/stdlib.c                         0x00000000   Number         0  rand.o ABSOLUTE
    ../clib/stdlib.c                         0x00000000   Number         0  rand.o ABSOLUTE
    ../fplib/fpinit.s                        0x00000000   Number         0  fpinit.o ABSOLUTE
    ..\..\..\Source\ARM\irq_cm3.s            0x00000000   Number         0  irq_cm3.o ABSOLUTE
    C:\Keil_v5\ARM\PACK\ARM\CMSIS\5.4.0\CMSIS\RTOS2\RTX\Source\rtx_lib.c 0x00000000   Number         0  rtx_lib.o ABSOLUTE
    C:\\Keil_v5\\ARM\\PACK\\ARM\\CMSIS\\5.4.0\\CMSIS\\RTOS2\\RTX\\Source\\rtx_lib.c 0x00000000   Number         0  rtx_lib.o ABSOLUTE
    GT_init.c                                0x00000000   Number         0  gt_init.o ABSOLUTE
    GT_init.c                                0x00000000   Number         0  gt_init.o ABSOLUTE
    RTE\CMSIS\RTX_Config.c                   0x00000000   Number         0  rtx_config.o ABSOLUTE
    RTE\Device\STM32F103RB\startup_stm32f10x_md.s 0x00000000   Number         0  startup_stm32f10x_md.o ABSOLUTE
    RTE\Device\STM32F103RB\system_stm32f10x.c 0x00000000   Number         0  system_stm32f10x.o ABSOLUTE
    RTE\\CMSIS\\RTX_Config.c                 0x00000000   Number         0  rtx_config.o ABSOLUTE
    RTE\\Device\\STM32F103RB\\system_stm32f10x.c 0x00000000   Number         0  system_stm32f10x.o ABSOLUTE
    dc.s                                     0x00000000   Number         0  dc.o ABSOLUTE
    main.c                                   0x00000000   Number         0  main.o ABSOLUTE
    main.c                                   0x00000000   Number         0  main.o ABSOLUTE
    os_systick.c                             0x00000000   Number         0  os_systick.o ABSOLUTE
    rtx_kernel.c                             0x00000000   Number         0  rtx_kernel.o ABSOLUTE
    rtx_memory.c                             0x00000000   Number         0  rtx_memory.o ABSOLUTE
    rtx_mempool.c                            0x00000000   Number         0  rtx_mempool.o ABSOLUTE
    rtx_msgqueue.c                           0x00000000   Number         0  rtx_msgqueue.o ABSOLUTE
    rtx_mutex.c                              0x00000000   Number         0  rtx_mutex.o ABSOLUTE
    rtx_system.c                             0x00000000   Number         0  rtx_system.o ABSOLUTE
    rtx_thread.c                             0x00000000   Number         0  rtx_thread.o ABSOLUTE
    rtx_timer.c                              0x00000000   Number         0  rtx_timer.o ABSOLUTE
    RESET                                    0x08000000   Section      236  startup_stm32f10x_md.o(RESET)
    !!!main                                  0x080000ec   Section        8  __main.o(!!!main)
    !!!scatter                               0x080000f4   Section       52  __scatter.o(!!!scatter)
    !!dczerorl                               0x08000128   Section       58  __dczerorl.o(!!dczerorl)
    !!handler_zi                             0x08000164   Section       28  __scatter_zi.o(!!handler_zi)
    .ARM.Collect$$libinit$$00000000          0x08000180   Section        2  libinit.o(.ARM.Collect$$libinit$$00000000)
    .ARM.Collect$$libinit$$00000002          0x08000182   Section        0  libinit2.o(.ARM.Collect$$libinit$$00000002)
    .ARM.Collect$$libinit$$00000004          0x08000182   Section        0  libinit2.o(.ARM.Collect$$libinit$$00000004)
    .ARM.Collect$$libinit$$0000000A          0x08000182   Section        0  libinit2.o(.ARM.Collect$$libinit$$0000000A)
    .ARM.Collect$$libinit$$0000000C          0x08000182   Section        0  libinit2.o(.ARM.Collect$$libinit$$0000000C)
    .ARM.Collect$$libinit$$0000000D          0x08000182   Section        4  libinit2.o(.ARM.Collect$$libinit$$0000000D)
    .ARM.Collect$$libinit$$0000000E          0x08000186   Section        0  libinit2.o(.ARM.Collect$$libinit$$0000000E)
    .ARM.Collect$$libinit$$00000011          0x08000186   Section        0  libinit2.o(.ARM.Collect$$libinit$$00000011)
    .ARM.Collect$$libinit$$00000013          0x08000186   Section        0  libinit2.o(.ARM.Collect$$libinit$$00000013)
    .ARM.Collect$$libinit$$00000015          0x08000186   Section        0  libinit2.o(.ARM.Collect$$libinit$$00000015)
    .ARM.Collect$$libinit$$00000017          0x08000186   Section        0  libinit2.o(.ARM.Collect$$libinit$$00000017)
    .ARM.Collect$$libinit$$00000019          0x08000186   Section        0  libinit2.o(.ARM.Collect$$libinit$$00000019)
    .ARM.Collect$$libinit$$0000001B          0x08000186   Section        0  libinit2.o(.ARM.Collect$$libinit$$0000001B)
    .ARM.Collect$$libinit$$0000001D          0x08000186   Section        0  libinit2.o(.ARM.Collect$$libinit$$0000001D)
    .ARM.Collect$$libinit$$0000001F          0x08000186   Section        0  libinit2.o(.ARM.Collect$$libinit$$0000001F)
    .ARM.Collect$$libinit$$00000021          0x08000186   Section        0  libinit2.o(.ARM.Collect$$libinit$$00000021)
    .ARM.Collect$$libinit$$00000023          0x08000186   Section        0  libinit2.o(.ARM.Collect$$libinit$$00000023)
    .ARM.Collect$$libinit$$00000025          0x08000186   Section        0  libinit2.o(.ARM.Collect$$libinit$$00000025)
    .ARM.Collect$$libinit$$0000002C          0x08000186   Section        0  libinit2.o(.ARM.Collect$$libinit$$0000002C)
    .ARM.Collect$$libinit$$0000002E          0x08000186   Section        0  libinit2.o(.ARM.Collect$$libinit$$0000002E)
    .ARM.Collect$$libinit$$00000030          0x08000186   Section        0  libinit2.o(.ARM.Collect$$libinit$$00000030)
    .ARM.Collect$$libinit$$00000032          0x08000186   Section        0  libinit2.o(.ARM.Collect$$libinit$$00000032)
    .ARM.Collect$$libinit$$00000033          0x08000186   Section        2  libinit2.o(.ARM.Collect$$libinit$$00000033)
    .ARM.Collect$$libshutdown$$00000000      0x08000188   Section        2  libshutdown.o(.ARM.Collect$$libshutdown$$00000000)
    .ARM.Collect$$libshutdown$$00000002      0x0800018a   Section        0  libshutdown2.o(.ARM.Collect$$libshutdown$$00000002)
    .ARM.Collect$$libshutdown$$00000004      0x0800018a   Section        0  libshutdown2.o(.ARM.Collect$$libshutdown$$00000004)
    .ARM.Collect$$libshutdown$$00000007      0x0800018a   Section        0  libshutdown2.o(.ARM.Collect$$libshutdown$$00000007)
    .ARM.Collect$$libshutdown$$0000000A      0x0800018a   Section        0  libshutdown2.o(.ARM.Collect$$libshutdown$$0000000A)
    .ARM.Collect$$libshutdown$$0000000C      0x0800018a   Section        0  libshutdown2.o(.ARM.Collect$$libshutdown$$0000000C)
    .ARM.Collect$$libshutdown$$0000000F      0x0800018a   Section        0  libshutdown2.o(.ARM.Collect$$libshutdown$$0000000F)
    .ARM.Collect$$libshutdown$$00000010      0x0800018a   Section        2  libshutdown2.o(.ARM.Collect$$libshutdown$$00000010)
    .ARM.Collect$$rtentry$$00000000          0x0800018c   Section        0  __rtentry.o(.ARM.Collect$$rtentry$$00000000)
    .ARM.Collect$$rtentry$$00000002          0x0800018c   Section        0  __rtentry2.o(.ARM.Collect$$rtentry$$00000002)
    .ARM.Collect$$rtentry$$00000004          0x0800018c   Section        6  __rtentry4.o(.ARM.Collect$$rtentry$$00000004)
    .ARM.Collect$$rtentry$$00000008          0x08000192   Section        8  __rtentry2.o(.ARM.Collect$$rtentry$$00000008)
    .ARM.Collect$$rtentry$$0000000A          0x0800019a   Section        4  __rtentry2.o(.ARM.Collect$$rtentry$$0000000A)
    .ARM.Collect$$rtentry$$0000000C          0x0800019e   Section        0  __rtentry2.o(.ARM.Collect$$rtentry$$0000000C)
    .ARM.Collect$$rtentry$$0000000D          0x0800019e   Section        8  __rtentry2.o(.ARM.Collect$$rtentry$$0000000D)
    .ARM.Collect$$rtexit$$00000000           0x080001a6   Section        2  rtexit.o(.ARM.Collect$$rtexit$$00000000)
    .ARM.Collect$$rtexit$$00000002           0x080001a8   Section        0  rtexit2.o(.ARM.Collect$$rtexit$$00000002)
    .ARM.Collect$$rtexit$$00000003           0x080001a8   Section        4  rtexit2.o(.ARM.Collect$$rtexit$$00000003)
    .ARM.Collect$$rtexit$$00000004           0x080001ac   Section        6  rtexit2.o(.ARM.Collect$$rtexit$$00000004)
    .emb_text                                0x080001b4   Section       52  rand.o(.emb_text)
    .text                                    0x080001e8   Section       64  startup_stm32f10x_md.o(.text)
    .text                                    0x08000228   Section      148  irq_cm3.o(.text)
    .text                                    0x080002bc   Section        0  rand.o(.text)
    .text                                    0x080002f8   Section       78  rt_memclr_w.o(.text)
    .text                                    0x08000346   Section        0  heapauxi.o(.text)
    .text                                    0x0800034c   Section       74  sys_stackheap_outer.o(.text)
    .text                                    0x08000396   Section        0  exit.o(.text)
    .text                                    0x080003a8   Section        8  libspace.o(.text)
    .text                                    0x080003b0   Section        2  use_no_semi.o(.text)
    .text                                    0x080003b2   Section        0  indicate_semi.o(.text)
    .text                                    0x080003b4   Section        0  sys_exit.o(.text)
    [Anonymous Symbol]                       0x080003c0   Section        0  os_systick.o(.text.OS_Tick_AcknowledgeIRQ)
    __arm_cp.3_0                             0x080003c8   Number         4  os_systick.o(.text.OS_Tick_AcknowledgeIRQ)
    [Anonymous Symbol]                       0x080003cc   Section        0  rtx_kernel.o(.text.osKernelGetState)
    __arm_cp.4_0                             0x080003f8   Number         4  rtx_kernel.o(.text.osKernelGetState)
    __arm_cp.4_1                             0x080003fc   Number         4  rtx_kernel.o(.text.osKernelGetState)
    [Anonymous Symbol]                       0x08000400   Section        0  rtx_kernel.o(.text.osKernelInitialize)
    __arm_cp.1_0                             0x08000428   Number         4  rtx_kernel.o(.text.osKernelInitialize)
    [Anonymous Symbol]                       0x0800042c   Section        0  rtx_mutex.o(.text.osMutexAcquire)
    __arm_cp.3_0                             0x0800044c   Number         4  rtx_mutex.o(.text.osMutexAcquire)
    [Anonymous Symbol]                       0x08000450   Section        0  rtx_mutex.o(.text.osMutexDelete)
    __arm_cp.6_0                             0x08000470   Number         4  rtx_mutex.o(.text.osMutexDelete)
    [Anonymous Symbol]                       0x08000474   Section        0  rtx_mutex.o(.text.osMutexNew)
    __arm_cp.1_0                             0x08000494   Number         4  rtx_mutex.o(.text.osMutexNew)
    [Anonymous Symbol]                       0x08000498   Section        0  rtx_mutex.o(.text.osMutexRelease)
    __arm_cp.4_0                             0x080004b8   Number         4  rtx_mutex.o(.text.osMutexRelease)
    [Anonymous Symbol]                       0x080004bc   Section        0  rtx_memory.o(.text.osRtxMemoryAlloc)
    [Anonymous Symbol]                       0x0800053c   Section        0  rtx_memory.o(.text.osRtxMemoryFree)
    [Anonymous Symbol]                       0x0800058e   Section        0  rtx_memory.o(.text.osRtxMemoryInit)
    [Anonymous Symbol]                       0x080005c4   Section        0  rtx_mempool.o(.text.osRtxMemoryPoolAlloc)
    [Anonymous Symbol]                       0x080005fc   Section        0  rtx_mempool.o(.text.osRtxMemoryPoolFree)
    [Anonymous Symbol]                       0x08000644   Section        0  rtx_mempool.o(.text.osRtxMemoryPoolInit)
    [Anonymous Symbol]                       0x08000698   Section        0  rtx_system.o(.text.osRtxPendSV_Handler)
    __arm_cp.1_0                             0x08000724   Number         4  rtx_system.o(.text.osRtxPendSV_Handler)
    [Anonymous Symbol]                       0x08000728   Section        0  rtx_thread.o(.text.osRtxThreadBlock)
    osRtxThreadBlock                         0x08000729   Thumb Code    56  rtx_thread.o(.text.osRtxThreadBlock)
    __arm_cp.10_0                            0x0800075c   Number         4  rtx_thread.o(.text.osRtxThreadBlock)
    [Anonymous Symbol]                       0x08000760   Section        0  rtx_thread.o(.text.osRtxThreadDelayInsert)
    osRtxThreadDelayInsert                   0x08000761   Thumb Code   140  rtx_thread.o(.text.osRtxThreadDelayInsert)
    __arm_cp.14_0                            0x080007e8   Number         4  rtx_thread.o(.text.osRtxThreadDelayInsert)
    [Anonymous Symbol]                       0x080007ec   Section        0  rtx_thread.o(.text.osRtxThreadDelayRemove)
    osRtxThreadDelayRemove                   0x080007ed   Thumb Code    88  rtx_thread.o(.text.osRtxThreadDelayRemove)
    __arm_cp.12_0                            0x08000840   Number         4  rtx_thread.o(.text.osRtxThreadDelayRemove)
    [Anonymous Symbol]                       0x08000844   Section        0  rtx_thread.o(.text.osRtxThreadDelayTick)
    __arm_cp.5_0                             0x08000878   Number         4  rtx_thread.o(.text.osRtxThreadDelayTick)
    [Anonymous Symbol]                       0x0800087c   Section        0  rtx_thread.o(.text.osRtxThreadDispatch)
    __arm_cp.9_0                             0x080008d8   Number         4  rtx_thread.o(.text.osRtxThreadDispatch)
    [Anonymous Symbol]                       0x080008dc   Section        0  rtx_thread.o(.text.osRtxThreadListGet)
    [Anonymous Symbol]                       0x080008f2   Section        0  rtx_thread.o(.text.osRtxThreadListPut)
    [Anonymous Symbol]                       0x0800091e   Section        0  rtx_thread.o(.text.osRtxThreadListRemove)
    [Anonymous Symbol]                       0x08000932   Section        0  rtx_thread.o(.text.osRtxThreadListSort)
    [Anonymous Symbol]                       0x0800095c   Section        0  rtx_thread.o(.text.osRtxThreadReadyPut)
    __arm_cp.4_0                             0x0800096c   Number         4  rtx_thread.o(.text.osRtxThreadReadyPut)
    [Anonymous Symbol]                       0x08000970   Section        0  rtx_thread.o(.text.osRtxThreadStackCheck)
    __arm_cp.8_0                             0x08000990   Number         4  rtx_thread.o(.text.osRtxThreadStackCheck)
    __arm_cp.8_1                             0x08000994   Number         4  rtx_thread.o(.text.osRtxThreadStackCheck)
    [Anonymous Symbol]                       0x08000998   Section        0  rtx_thread.o(.text.osRtxThreadSwitch)
    __arm_cp.7_0                             0x080009a4   Number         4  rtx_thread.o(.text.osRtxThreadSwitch)
    [Anonymous Symbol]                       0x080009a8   Section        0  rtx_thread.o(.text.osRtxThreadWaitEnter)
    __arm_cp.13_0                            0x080009dc   Number         4  rtx_thread.o(.text.osRtxThreadWaitEnter)
    [Anonymous Symbol]                       0x080009e0   Section        0  rtx_thread.o(.text.osRtxThreadWaitExit)
    [Anonymous Symbol]                       0x08000a04   Section        0  rtx_system.o(.text.osRtxTick_Handler)
    __arm_cp.0_0                             0x08000a70   Number         4  rtx_system.o(.text.osRtxTick_Handler)
    [Anonymous Symbol]                       0x08000a74   Section        0  rtx_kernel.o(.text.svcRtxKernelGetState)
    svcRtxKernelGetState                     0x08000a75   Thumb Code    12  rtx_kernel.o(.text.svcRtxKernelGetState)
    __arm_cp.5_0                             0x08000a7c   Number         4  rtx_kernel.o(.text.svcRtxKernelGetState)
    [Anonymous Symbol]                       0x08000a80   Section        0  rtx_kernel.o(.text.svcRtxKernelInitialize)
    svcRtxKernelInitialize                   0x08000a81   Thumb Code   376  rtx_kernel.o(.text.svcRtxKernelInitialize)
    __arm_cp.20_0                            0x08000bec   Number         4  rtx_kernel.o(.text.svcRtxKernelInitialize)
    __arm_cp.20_1                            0x08000bf0   Number         4  rtx_kernel.o(.text.svcRtxKernelInitialize)
    __arm_cp.20_2                            0x08000bf4   Number         4  rtx_kernel.o(.text.svcRtxKernelInitialize)
    [Anonymous Symbol]                       0x08000bf8   Section        0  rtx_mutex.o(.text.svcRtxMutexAcquire)
    svcRtxMutexAcquire                       0x08000bf9   Thumb Code   148  rtx_mutex.o(.text.svcRtxMutexAcquire)
    __arm_cp.9_0                             0x08000c88   Number         4  rtx_mutex.o(.text.svcRtxMutexAcquire)
    [Anonymous Symbol]                       0x08000c8c   Section        0  rtx_mutex.o(.text.svcRtxMutexDelete)
    svcRtxMutexDelete                        0x08000c8d   Thumb Code   196  rtx_mutex.o(.text.svcRtxMutexDelete)
    __arm_cp.12_0                            0x08000d4c   Number         4  rtx_mutex.o(.text.svcRtxMutexDelete)
    [Anonymous Symbol]                       0x08000d50   Section        0  rtx_mutex.o(.text.svcRtxMutexNew)
    svcRtxMutexNew                           0x08000d51   Thumb Code   108  rtx_mutex.o(.text.svcRtxMutexNew)
    __arm_cp.7_0                             0x08000db8   Number         4  rtx_mutex.o(.text.svcRtxMutexNew)
    [Anonymous Symbol]                       0x08000dbc   Section        0  rtx_mutex.o(.text.svcRtxMutexRelease)
    svcRtxMutexRelease                       0x08000dbd   Thumb Code   180  rtx_mutex.o(.text.svcRtxMutexRelease)
    __arm_cp.10_0                            0x08000e6c   Number         4  rtx_mutex.o(.text.svcRtxMutexRelease)
    i.GPIOx_Init                             0x08000e70   Section        0  gt_init.o(i.GPIOx_Init)
    i.SetSysClock                            0x08000e9c   Section        0  system_stm32f10x.o(i.SetSysClock)
    SetSysClock                              0x08000e9d   Thumb Code     8  system_stm32f10x.o(i.SetSysClock)
    i.SetSysClockTo72                        0x08000ea4   Section        0  system_stm32f10x.o(i.SetSysClockTo72)
    SetSysClockTo72                          0x08000ea5   Thumb Code   214  system_stm32f10x.o(i.SetSysClockTo72)
    i.Substract_Prescaler                    0x08000f84   Section        0  gt_init.o(i.Substract_Prescaler)
    i.SystemInit                             0x08000fc4   Section        0  system_stm32f10x.o(i.SystemInit)
    i.TIMs_Disable                           0x08001024   Section        0  gt_init.o(i.TIMs_Disable)
    i.TIMs_Enable                            0x0800104c   Section        0  gt_init.o(i.TIMs_Enable)
    i.TIMs_Init                              0x0800109c   Section        0  gt_init.o(i.TIMs_Init)
    i._mutex_acquire                         0x0800113c   Section        0  rtx_lib.o(i._mutex_acquire)
    __tagsym$$used                           0x0800113d   Number         0  rtx_lib.o(i._mutex_acquire)
    i._mutex_free                            0x08001152   Section        0  rtx_lib.o(i._mutex_free)
    __tagsym$$used                           0x08001153   Number         0  rtx_lib.o(i._mutex_free)
    i._mutex_initialize                      0x0800115e   Section        0  rtx_lib.o(i._mutex_initialize)
    __tagsym$$used                           0x0800115f   Number         0  rtx_lib.o(i._mutex_initialize)
    i._mutex_release                         0x08001180   Section        0  rtx_lib.o(i._mutex_release)
    __tagsym$$used                           0x08001181   Number         0  rtx_lib.o(i._mutex_release)
    i._platform_post_stackheap_init          0x08001192   Section        0  rtx_lib.o(i._platform_post_stackheap_init)
    i.compare                                0x0800119c   Section        0  main.o(i.compare)
    i.main                                   0x08001244   Section        0  main.o(i.main)
    i.osRtxErrorNotify                       0x080012a8   Section        0  rtx_config.o(i.osRtxErrorNotify)
    i.osRtxKernelPreInit                     0x080012c8   Section        0  rtx_lib.o(i.osRtxKernelPreInit)
    i.os_kernel_is_active                    0x080012cc   Section        0  rtx_lib.o(i.os_kernel_is_active)
    os_kernel_is_active                      0x080012cd   Thumb Code    28  rtx_lib.o(i.os_kernel_is_active)
    i.showLED                                0x080012ec   Section        0  main.o(i.showLED)
    .constdata                               0x080013d4   Section      100  rtx_lib.o(.constdata)
    os_idle_thread_attr                      0x080013d4   Data          36  rtx_lib.o(.constdata)
    os_timer_thread_attr                     0x080013f8   Data          36  rtx_lib.o(.constdata)
    os_timer_mq_attr                         0x0800141c   Data          24  rtx_lib.o(.constdata)
    .constdata                               0x08001438   Section        1  irq_cm3.o(.constdata)
    .rodata                                  0x0800143c   Section      104  rtx_lib.o(.rodata)
    __tagsym$$used                           0x0800143c   Number         0  rtx_lib.o(.rodata)
    [Anonymous Symbol]                       0x080014a4   Section        0  rtx_kernel.o(.rodata.str1.4)
    .L.str                                   0x080014a4   Data          11  rtx_kernel.o(.rodata.str1.4)
    .bss.os                                  0x20000000   Section     4160  rtx_lib.o(.bss.os)
    os_mem                                   0x20000000   Data        4096  rtx_lib.o(.bss.os)
    os_isr_queue                             0x20001000   Data          64  rtx_lib.o(.bss.os)
    .bss.os.msgqueue.cb                      0x20001040   Section       52  rtx_lib.o(.bss.os.msgqueue.cb)
    os_timer_mq_cb                           0x20001040   Data          52  rtx_lib.o(.bss.os.msgqueue.cb)
    .bss.os.msgqueue.mem                     0x20001074   Section       80  rtx_lib.o(.bss.os.msgqueue.mem)
    os_timer_mq_data                         0x20001074   Data          80  rtx_lib.o(.bss.os.msgqueue.mem)
    .bss.os.thread.cb                        0x200010c4   Section      136  rtx_lib.o(.bss.os.thread.cb)
    os_idle_thread_cb                        0x200010c4   Data          68  rtx_lib.o(.bss.os.thread.cb)
    os_timer_thread_cb                       0x20001108   Data          68  rtx_lib.o(.bss.os.thread.cb)
    .bss.os.thread.stack                     0x20001150   Section      512  rtx_lib.o(.bss.os.thread.stack)
    os_idle_thread_stack                     0x20001150   Data         256  rtx_lib.o(.bss.os.thread.stack)
    os_timer_thread_stack                    0x20001250   Data         256  rtx_lib.o(.bss.os.thread.stack)
    .data                                    0x20001350   Section        4  gt_init.o(.data)
    .data                                    0x20001354   Section        5  rtx_lib.o(.data)
    os_kernel_active                         0x20001358   Data           1  rtx_lib.o(.data)
    .bss                                     0x20001400   Section      228  rand.o(.bss)
    .bss                                     0x200014e4   Section       96  libspace.o(.bss)
    HEAP                                     0x20001548   Section      512  startup_stm32f10x_md.o(HEAP)
    Heap_Mem                                 0x20001548   Data         512  startup_stm32f10x_md.o(HEAP)
    STACK                                    0x20001748   Section     1024  startup_stm32f10x_md.o(STACK)
    Stack_Mem                                0x20001748   Data        1024  startup_stm32f10x_md.o(STACK)
    __initial_sp                             0x20001b48   Data           0  startup_stm32f10x_md.o(STACK)

    Global Symbols

    Symbol Name                              Value     Ov Type        Size  Object(Section)

    BuildAttributes$$THM_ISAv4$P$D$K$B$S$PE$A:L22UL41UL21$X:L11$S22US41US21$IEEE1$IW$~IW$USESV6$~STKCKD$USESV7$~SHL$OSPACE$ROPI$EBA8$UX$STANDARDLIB$REQ8$PRES8$EABIv2 0x00000000   Number         0  anon$$obj.o ABSOLUTE
    __ARM_use_no_argv                        0x00000000   Number         0  main.o ABSOLUTE
    .bss.os.evflags.cb$$Base                  - Undefined Weak Reference
    .bss.os.evflags.cb$$Limit                 - Undefined Weak Reference
    .bss.os.mempool.cb$$Base                  - Undefined Weak Reference
    .bss.os.mempool.cb$$Limit                 - Undefined Weak Reference
    .bss.os.mutex.cb$$Base                    - Undefined Weak Reference
    .bss.os.mutex.cb$$Limit                   - Undefined Weak Reference
    .bss.os.semaphore.cb$$Base                - Undefined Weak Reference
    .bss.os.semaphore.cb$$Limit               - Undefined Weak Reference
    .bss.os.timer.cb$$Base                    - Undefined Weak Reference
    .bss.os.timer.cb$$Limit                   - Undefined Weak Reference
    __ARM_exceptions_init                     - Undefined Weak Reference
    __alloca_initialize                       - Undefined Weak Reference
    __arm_preinit_                            - Undefined Weak Reference
    __cpp_initialize__aeabi_                  - Undefined Weak Reference
    __cxa_finalize                            - Undefined Weak Reference
    __rt_locale                               - Undefined Weak Reference
    __sigvec_lookup                           - Undefined Weak Reference
    _atexit_init                              - Undefined Weak Reference
    _call_atexit_fns                          - Undefined Weak Reference
    _clock_init                               - Undefined Weak Reference
    _fp_trap_init                             - Undefined Weak Reference
    _fp_trap_shutdown                         - Undefined Weak Reference
    _get_lc_collate                           - Undefined Weak Reference
    _get_lc_ctype                             - Undefined Weak Reference
    _get_lc_monetary                          - Undefined Weak Reference
    _get_lc_numeric                           - Undefined Weak Reference
    _get_lc_time                              - Undefined Weak Reference
    _getenv_init                              - Undefined Weak Reference
    _handle_redirection                       - Undefined Weak Reference
    _init_alloc                               - Undefined Weak Reference
    _init_user_alloc                          - Undefined Weak Reference
    _initio                                   - Undefined Weak Reference
    _signal_finish                            - Undefined Weak Reference
    _signal_init                              - Undefined Weak Reference
    _terminate_alloc                          - Undefined Weak Reference
    _terminate_user_alloc                     - Undefined Weak Reference
    _terminateio                              - Undefined Weak Reference
    __Vectors_Size                           0x000000ec   Number         0  startup_stm32f10x_md.o ABSOLUTE
    __Vectors                                0x08000000   Data           4  startup_stm32f10x_md.o(RESET)
    __Vectors_End                            0x080000ec   Data           0  startup_stm32f10x_md.o(RESET)
    __main                                   0x080000ed   Thumb Code     8  __main.o(!!!main)
    __scatterload                            0x080000f5   Thumb Code     0  __scatter.o(!!!scatter)
    __scatterload_rt2                        0x080000f5   Thumb Code    44  __scatter.o(!!!scatter)
    __scatterload_rt2_thumb_only             0x080000f5   Thumb Code     0  __scatter.o(!!!scatter)
    __scatterload_null                       0x08000103   Thumb Code     0  __scatter.o(!!!scatter)
    __decompress                             0x08000129   Thumb Code    58  __dczerorl.o(!!dczerorl)
    __decompress0                            0x08000129   Thumb Code     0  __dczerorl.o(!!dczerorl)
    __scatterload_zeroinit                   0x08000165   Thumb Code    28  __scatter_zi.o(!!handler_zi)
    __rt_lib_init                            0x08000181   Thumb Code     0  libinit.o(.ARM.Collect$$libinit$$00000000)
    __rt_lib_init_fp_1                       0x08000183   Thumb Code     0  libinit2.o(.ARM.Collect$$libinit$$00000002)
    __rt_lib_init_heap_1                     0x08000183   Thumb Code     0  libinit2.o(.ARM.Collect$$libinit$$0000000A)
    __rt_lib_init_preinit_1                  0x08000183   Thumb Code     0  libinit2.o(.ARM.Collect$$libinit$$00000004)
    __rt_lib_init_rand_2                     0x08000183   Thumb Code     0  libinit2.o(.ARM.Collect$$libinit$$0000000D)
    __rt_lib_init_user_alloc_1               0x08000183   Thumb Code     0  libinit2.o(.ARM.Collect$$libinit$$0000000C)
    __rt_lib_init_alloca_1                   0x08000187   Thumb Code     0  libinit2.o(.ARM.Collect$$libinit$$0000002E)
    __rt_lib_init_argv_1                     0x08000187   Thumb Code     0  libinit2.o(.ARM.Collect$$libinit$$0000002C)
    __rt_lib_init_atexit_1                   0x08000187   Thumb Code     0  libinit2.o(.ARM.Collect$$libinit$$0000001B)
    __rt_lib_init_clock_1                    0x08000187   Thumb Code     0  libinit2.o(.ARM.Collect$$libinit$$00000021)
    __rt_lib_init_cpp_1                      0x08000187   Thumb Code     0  libinit2.o(.ARM.Collect$$libinit$$00000032)
    __rt_lib_init_exceptions_1               0x08000187   Thumb Code     0  libinit2.o(.ARM.Collect$$libinit$$00000030)
    __rt_lib_init_fp_trap_1                  0x08000187   Thumb Code     0  libinit2.o(.ARM.Collect$$libinit$$0000001F)
    __rt_lib_init_getenv_1                   0x08000187   Thumb Code     0  libinit2.o(.ARM.Collect$$libinit$$00000023)
    __rt_lib_init_lc_collate_1               0x08000187   Thumb Code     0  libinit2.o(.ARM.Collect$$libinit$$00000011)
    __rt_lib_init_lc_ctype_1                 0x08000187   Thumb Code     0  libinit2.o(.ARM.Collect$$libinit$$00000013)
    __rt_lib_init_lc_monetary_1              0x08000187   Thumb Code     0  libinit2.o(.ARM.Collect$$libinit$$00000015)
    __rt_lib_init_lc_numeric_1               0x08000187   Thumb Code     0  libinit2.o(.ARM.Collect$$libinit$$00000017)
    __rt_lib_init_lc_time_1                  0x08000187   Thumb Code     0  libinit2.o(.ARM.Collect$$libinit$$00000019)
    __rt_lib_init_rand_1                     0x08000187   Thumb Code     0  libinit2.o(.ARM.Collect$$libinit$$0000000E)
    __rt_lib_init_return                     0x08000187   Thumb Code     0  libinit2.o(.ARM.Collect$$libinit$$00000033)
    __rt_lib_init_signal_1                   0x08000187   Thumb Code     0  libinit2.o(.ARM.Collect$$libinit$$0000001D)
    __rt_lib_init_stdio_1                    0x08000187   Thumb Code     0  libinit2.o(.ARM.Collect$$libinit$$00000025)
    __rt_lib_shutdown                        0x08000189   Thumb Code     0  libshutdown.o(.ARM.Collect$$libshutdown$$00000000)
    __rt_lib_shutdown_cpp_1                  0x0800018b   Thumb Code     0  libshutdown2.o(.ARM.Collect$$libshutdown$$00000002)
    __rt_lib_shutdown_fp_trap_1              0x0800018b   Thumb Code     0  libshutdown2.o(.ARM.Collect$$libshutdown$$00000007)
    __rt_lib_shutdown_heap_1                 0x0800018b   Thumb Code     0  libshutdown2.o(.ARM.Collect$$libshutdown$$0000000F)
    __rt_lib_shutdown_return                 0x0800018b   Thumb Code     0  libshutdown2.o(.ARM.Collect$$libshutdown$$00000010)
    __rt_lib_shutdown_signal_1               0x0800018b   Thumb Code     0  libshutdown2.o(.ARM.Collect$$libshutdown$$0000000A)
    __rt_lib_shutdown_stdio_1                0x0800018b   Thumb Code     0  libshutdown2.o(.ARM.Collect$$libshutdown$$00000004)
    __rt_lib_shutdown_user_alloc_1           0x0800018b   Thumb Code     0  libshutdown2.o(.ARM.Collect$$libshutdown$$0000000C)
    __rt_entry                               0x0800018d   Thumb Code     0  __rtentry.o(.ARM.Collect$$rtentry$$00000000)
    __rt_entry_presh_1                       0x0800018d   Thumb Code     0  __rtentry2.o(.ARM.Collect$$rtentry$$00000002)
    __rt_entry_sh                            0x0800018d   Thumb Code     0  __rtentry4.o(.ARM.Collect$$rtentry$$00000004)
    __rt_entry_postsh_1                      0x08000193   Thumb Code     0  __rtentry2.o(.ARM.Collect$$rtentry$$00000008)
    __rt_entry_li                            0x0800019b   Thumb Code     0  __rtentry2.o(.ARM.Collect$$rtentry$$0000000A)
    __rt_entry_main                          0x0800019f   Thumb Code     0  __rtentry2.o(.ARM.Collect$$rtentry$$0000000D)
    __rt_entry_postli_1                      0x0800019f   Thumb Code     0  __rtentry2.o(.ARM.Collect$$rtentry$$0000000C)
    __rt_exit                                0x080001a7   Thumb Code     0  rtexit.o(.ARM.Collect$$rtexit$$00000000)
    __rt_exit_ls                             0x080001a9   Thumb Code     0  rtexit2.o(.ARM.Collect$$rtexit$$00000003)
    __rt_exit_prels_1                        0x080001a9   Thumb Code     0  rtexit2.o(.ARM.Collect$$rtexit$$00000002)
    __rt_exit_exit                           0x080001ad   Thumb Code     0  rtexit2.o(.ARM.Collect$$rtexit$$00000004)
    rand                                     0x080001b5   Thumb Code    48  rand.o(.emb_text)
    Reset_Handler                            0x080001e9   Thumb Code     8  startup_stm32f10x_md.o(.text)
    NMI_Handler                              0x080001f1   Thumb Code     2  startup_stm32f10x_md.o(.text)
    HardFault_Handler                        0x080001f3   Thumb Code     2  startup_stm32f10x_md.o(.text)
    MemManage_Handler                        0x080001f5   Thumb Code     2  startup_stm32f10x_md.o(.text)
    BusFault_Handler                         0x080001f7   Thumb Code     2  startup_stm32f10x_md.o(.text)
    UsageFault_Handler                       0x080001f9   Thumb Code     2  startup_stm32f10x_md.o(.text)
    DebugMon_Handler                         0x080001fd   Thumb Code     2  startup_stm32f10x_md.o(.text)
    ADC1_2_IRQHandler                        0x08000203   Thumb Code     0  startup_stm32f10x_md.o(.text)
    CAN1_RX1_IRQHandler                      0x08000203   Thumb Code     0  startup_stm32f10x_md.o(.text)
    CAN1_SCE_IRQHandler                      0x08000203   Thumb Code     0  startup_stm32f10x_md.o(.text)
    DMA1_Channel1_IRQHandler                 0x08000203   Thumb Code     0  startup_stm32f10x_md.o(.text)
    DMA1_Channel2_IRQHandler                 0x08000203   Thumb Code     0  startup_stm32f10x_md.o(.text)
    DMA1_Channel3_IRQHandler                 0x08000203   Thumb Code     0  startup_stm32f10x_md.o(.text)
    DMA1_Channel4_IRQHandler                 0x08000203   Thumb Code     0  startup_stm32f10x_md.o(.text)
    DMA1_Channel5_IRQHandler                 0x08000203   Thumb Code     0  startup_stm32f10x_md.o(.text)
    DMA1_Channel6_IRQHandler                 0x08000203   Thumb Code     0  startup_stm32f10x_md.o(.text)
    DMA1_Channel7_IRQHandler                 0x08000203   Thumb Code     0  startup_stm32f10x_md.o(.text)
    EXTI0_IRQHandler                         0x08000203   Thumb Code     0  startup_stm32f10x_md.o(.text)
    EXTI15_10_IRQHandler                     0x08000203   Thumb Code     0  startup_stm32f10x_md.o(.text)
    EXTI1_IRQHandler                         0x08000203   Thumb Code     0  startup_stm32f10x_md.o(.text)
    EXTI2_IRQHandler                         0x08000203   Thumb Code     0  startup_stm32f10x_md.o(.text)
    EXTI3_IRQHandler                         0x08000203   Thumb Code     0  startup_stm32f10x_md.o(.text)
    EXTI4_IRQHandler                         0x08000203   Thumb Code     0  startup_stm32f10x_md.o(.text)
    EXTI9_5_IRQHandler                       0x08000203   Thumb Code     0  startup_stm32f10x_md.o(.text)
    FLASH_IRQHandler                         0x08000203   Thumb Code     0  startup_stm32f10x_md.o(.text)
    I2C1_ER_IRQHandler                       0x08000203   Thumb Code     0  startup_stm32f10x_md.o(.text)
    I2C1_EV_IRQHandler                       0x08000203   Thumb Code     0  startup_stm32f10x_md.o(.text)
    I2C2_ER_IRQHandler                       0x08000203   Thumb Code     0  startup_stm32f10x_md.o(.text)
    I2C2_EV_IRQHandler                       0x08000203   Thumb Code     0  startup_stm32f10x_md.o(.text)
    PVD_IRQHandler                           0x08000203   Thumb Code     0  startup_stm32f10x_md.o(.text)
    RCC_IRQHandler                           0x08000203   Thumb Code     0  startup_stm32f10x_md.o(.text)
    RTCAlarm_IRQHandler                      0x08000203   Thumb Code     0  startup_stm32f10x_md.o(.text)
    RTC_IRQHandler                           0x08000203   Thumb Code     0  startup_stm32f10x_md.o(.text)
    SPI1_IRQHandler                          0x08000203   Thumb Code     0  startup_stm32f10x_md.o(.text)
    SPI2_IRQHandler                          0x08000203   Thumb Code     0  startup_stm32f10x_md.o(.text)
    TAMPER_IRQHandler                        0x08000203   Thumb Code     0  startup_stm32f10x_md.o(.text)
    TIM1_BRK_IRQHandler                      0x08000203   Thumb Code     0  startup_stm32f10x_md.o(.text)
    TIM1_CC_IRQHandler                       0x08000203   Thumb Code     0  startup_stm32f10x_md.o(.text)
    TIM1_TRG_COM_IRQHandler                  0x08000203   Thumb Code     0  startup_stm32f10x_md.o(.text)
    TIM1_UP_IRQHandler                       0x08000203   Thumb Code     0  startup_stm32f10x_md.o(.text)
    TIM2_IRQHandler                          0x08000203   Thumb Code     0  startup_stm32f10x_md.o(.text)
    TIM3_IRQHandler                          0x08000203   Thumb Code     0  startup_stm32f10x_md.o(.text)
    TIM4_IRQHandler                          0x08000203   Thumb Code     0  startup_stm32f10x_md.o(.text)
    USART1_IRQHandler                        0x08000203   Thumb Code     0  startup_stm32f10x_md.o(.text)
    USART2_IRQHandler                        0x08000203   Thumb Code     0  startup_stm32f10x_md.o(.text)
    USART3_IRQHandler                        0x08000203   Thumb Code     0  startup_stm32f10x_md.o(.text)
    USBWakeUp_IRQHandler                     0x08000203   Thumb Code     0  startup_stm32f10x_md.o(.text)
    USB_HP_CAN1_TX_IRQHandler                0x08000203   Thumb Code     0  startup_stm32f10x_md.o(.text)
    USB_LP_CAN1_RX0_IRQHandler               0x08000203   Thumb Code     0  startup_stm32f10x_md.o(.text)
    WWDG_IRQHandler                          0x08000203   Thumb Code     0  startup_stm32f10x_md.o(.text)
    __user_initial_stackheap                 0x08000205   Thumb Code     0  startup_stm32f10x_md.o(.text)
    SVC_Handler                              0x08000229   Thumb Code   108  irq_cm3.o(.text)
    PendSV_Handler                           0x08000295   Thumb Code    16  irq_cm3.o(.text)
    SysTick_Handler                          0x080002a5   Thumb Code    16  irq_cm3.o(.text)
    srand                                    0x080002bd   Thumb Code    42  rand.o(.text)
    _rand_init                               0x080002e7   Thumb Code     4  rand.o(.text)
    __aeabi_memclr4                          0x080002f9   Thumb Code     0  rt_memclr_w.o(.text)
    __aeabi_memclr8                          0x080002f9   Thumb Code     0  rt_memclr_w.o(.text)
    __rt_memclr_w                            0x080002f9   Thumb Code    78  rt_memclr_w.o(.text)
    _memset_w                                0x080002fd   Thumb Code     0  rt_memclr_w.o(.text)
    __use_two_region_memory                  0x08000347   Thumb Code     2  heapauxi.o(.text)
    __rt_heap_escrow$2region                 0x08000349   Thumb Code     2  heapauxi.o(.text)
    __rt_heap_expand$2region                 0x0800034b   Thumb Code     2  heapauxi.o(.text)
    __user_setup_stackheap                   0x0800034d   Thumb Code    74  sys_stackheap_outer.o(.text)
    exit                                     0x08000397   Thumb Code    18  exit.o(.text)
    __user_libspace                          0x080003a9   Thumb Code     8  libspace.o(.text)
    __user_perproc_libspace                  0x080003a9   Thumb Code     0  libspace.o(.text)
    __I$use$semihosting                      0x080003b1   Thumb Code     0  use_no_semi.o(.text)
    __use_no_semihosting_swi                 0x080003b1   Thumb Code     2  use_no_semi.o(.text)
    __semihosting_library_function           0x080003b3   Thumb Code     0  indicate_semi.o(.text)
    _sys_exit                                0x080003b5   Thumb Code     8  sys_exit.o(.text)
    OS_Tick_AcknowledgeIRQ                   0x080003c1   Thumb Code    12  os_systick.o(.text.OS_Tick_AcknowledgeIRQ)
    osKernelGetState                         0x080003cd   Thumb Code    52  rtx_kernel.o(.text.osKernelGetState)
    osKernelInitialize                       0x08000401   Thumb Code    44  rtx_kernel.o(.text.osKernelInitialize)
    osMutexAcquire                           0x0800042d   Thumb Code    36  rtx_mutex.o(.text.osMutexAcquire)
    osMutexDelete                            0x08000451   Thumb Code    36  rtx_mutex.o(.text.osMutexDelete)
    osMutexNew                               0x08000475   Thumb Code    36  rtx_mutex.o(.text.osMutexNew)
    osMutexRelease                           0x08000499   Thumb Code    36  rtx_mutex.o(.text.osMutexRelease)
    osRtxMemoryAlloc                         0x080004bd   Thumb Code   128  rtx_memory.o(.text.osRtxMemoryAlloc)
    osRtxMemoryFree                          0x0800053d   Thumb Code    82  rtx_memory.o(.text.osRtxMemoryFree)
    osRtxMemoryInit                          0x0800058f   Thumb Code    54  rtx_memory.o(.text.osRtxMemoryInit)
    osRtxMemoryPoolAlloc                     0x080005c5   Thumb Code    56  rtx_mempool.o(.text.osRtxMemoryPoolAlloc)
    osRtxMemoryPoolFree                      0x080005fd   Thumb Code    72  rtx_mempool.o(.text.osRtxMemoryPoolFree)
    osRtxMemoryPoolInit                      0x08000645   Thumb Code    84  rtx_mempool.o(.text.osRtxMemoryPoolInit)
    osRtxPendSV_Handler                      0x08000699   Thumb Code   144  rtx_system.o(.text.osRtxPendSV_Handler)
    osRtxThreadDelayTick                     0x08000845   Thumb Code    56  rtx_thread.o(.text.osRtxThreadDelayTick)
    osRtxThreadDispatch                      0x0800087d   Thumb Code    96  rtx_thread.o(.text.osRtxThreadDispatch)
    osRtxThreadListGet                       0x080008dd   Thumb Code    22  rtx_thread.o(.text.osRtxThreadListGet)
    osRtxThreadListPut                       0x080008f3   Thumb Code    44  rtx_thread.o(.text.osRtxThreadListPut)
    osRtxThreadListRemove                    0x0800091f   Thumb Code    20  rtx_thread.o(.text.osRtxThreadListRemove)
    osRtxThreadListSort                      0x08000933   Thumb Code    40  rtx_thread.o(.text.osRtxThreadListSort)
    osRtxThreadReadyPut                      0x0800095d   Thumb Code    20  rtx_thread.o(.text.osRtxThreadReadyPut)
    osRtxThreadStackCheck                    0x08000971   Thumb Code    40  rtx_thread.o(.text.osRtxThreadStackCheck)
    osRtxThreadSwitch                        0x08000999   Thumb Code    16  rtx_thread.o(.text.osRtxThreadSwitch)
    osRtxThreadWaitEnter                     0x080009a9   Thumb Code    56  rtx_thread.o(.text.osRtxThreadWaitEnter)
    osRtxThreadWaitExit                      0x080009e1   Thumb Code    36  rtx_thread.o(.text.osRtxThreadWaitExit)
    osRtxTick_Handler                        0x08000a05   Thumb Code   112  rtx_system.o(.text.osRtxTick_Handler)
    GPIOx_Init                               0x08000e71   Thumb Code    32  gt_init.o(i.GPIOx_Init)
    Substract_Prescaler                      0x08000f85   Thumb Code    54  gt_init.o(i.Substract_Prescaler)
    SystemInit                               0x08000fc5   Thumb Code    78  system_stm32f10x.o(i.SystemInit)
    TIMs_Disable                             0x08001025   Thumb Code    36  gt_init.o(i.TIMs_Disable)
    TIMs_Enable                              0x0800104d   Thumb Code    74  gt_init.o(i.TIMs_Enable)
    TIMs_Init                                0x0800109d   Thumb Code   148  gt_init.o(i.TIMs_Init)
    _mutex_acquire                           0x0800113d   Thumb Code    22  rtx_lib.o(i._mutex_acquire)
    _mutex_free                              0x08001153   Thumb Code    12  rtx_lib.o(i._mutex_free)
    _mutex_initialize                        0x0800115f   Thumb Code    34  rtx_lib.o(i._mutex_initialize)
    _mutex_release                           0x08001181   Thumb Code    18  rtx_lib.o(i._mutex_release)
    _platform_post_stackheap_init            0x08001193   Thumb Code     8  rtx_lib.o(i._platform_post_stackheap_init)
    compare                                  0x0800119d   Thumb Code   158  main.o(i.compare)
    main                                     0x08001245   Thumb Code    94  main.o(i.main)
    osRtxErrorNotify                         0x080012a9   Thumb Code    32  rtx_config.o(i.osRtxErrorNotify)
    osRtxKernelPreInit                       0x080012c9   Thumb Code     2  rtx_lib.o(i.osRtxKernelPreInit)
    showLED                                  0x080012ed   Thumb Code   228  main.o(i.showLED)
    osRtxUserSVC                             0x08001434   Data           4  rtx_lib.o(.constdata)
    irqRtxLib                                0x08001438   Data           1  irq_cm3.o(.constdata)
    osRtxConfig                              0x0800143c   Data         104  rtx_lib.o(.rodata)
    Region$$Table$$Base                      0x080014b0   Number         0  anon$$obj.o(Region$$Table)
    Region$$Table$$Limit                     0x080014d0   Number         0  anon$$obj.o(Region$$Table)
    .bss.os.msgqueue.cb$$Base                0x20001040   Number         0  rtx_lib.o(.bss.os.msgqueue.cb)
    .bss.os.msgqueue.cb$$Limit               0x20001074   Number         0  rtx_lib.o(.bss.os.msgqueue.cb)
    .bss.os.thread.cb$$Base                  0x200010c4   Number         0  rtx_lib.o(.bss.os.thread.cb)
    .bss.os.thread.cb$$Limit                 0x2000114c   Number         0  rtx_lib.o(.bss.os.thread.cb)
    PrescalerT2                              0x20001350   Data           2  gt_init.o(.data)
    counter                                  0x20001352   Data           2  gt_init.o(.data)
    irqRtxLibRef                             0x20001354   Data           4  rtx_lib.o(.data)
    osRtxInfo                                0x2000135c   Data         164  rtx_kernel.o(.data.os)
    _random_number_data                      0x20001400   Data         228  rand.o(.bss)
    __libspace_start                         0x200014e4   Data          96  libspace.o(.bss)
    __temporary_stack_top$libspace           0x20001544   Data           0  libspace.o(.bss)



==============================================================================

Memory Map of the image

  Image Entry point : 0x080001e9

  Load Region LR_1 (Base: 0x08000000, Size: 0x000028d0, Max: 0xffffffff, ABSOLUTE, COMPRESSED[0x0000150c])

    Execution Region ER_RO (Exec base: 0x08000000, Load base: 0x08000000, Size: 0x000014d0, Max: 0xffffffff, ABSOLUTE)

    Exec Addr    Load Addr    Size         Type   Attr      Idx    E Section Name        Object

    0x08000000   0x08000000   0x000000ec   Data   RO          262    RESET               startup_stm32f10x_md.o
    0x080000ec   0x080000ec   0x00000008   Code   RO          800  * !!!main             c_w.l(__main.o)
    0x080000f4   0x080000f4   0x00000034   Code   RO          959    !!!scatter          c_w.l(__scatter.o)
    0x08000128   0x08000128   0x0000003a   Code   RO          957    !!dczerorl          c_w.l(__dczerorl.o)
    0x08000162   0x08000162   0x00000002   PAD
    0x08000164   0x08000164   0x0000001c   Code   RO          961    !!handler_zi        c_w.l(__scatter_zi.o)
    0x08000180   0x08000180   0x00000002   Code   RO          880    .ARM.Collect$$libinit$$00000000  c_w.l(libinit.o)
    0x08000182   0x08000182   0x00000000   Code   RO          806    .ARM.Collect$$libinit$$00000002  c_w.l(libinit2.o)
    0x08000182   0x08000182   0x00000000   Code   RO          808    .ARM.Collect$$libinit$$00000004  c_w.l(libinit2.o)
    0x08000182   0x08000182   0x00000000   Code   RO          811    .ARM.Collect$$libinit$$0000000A  c_w.l(libinit2.o)
    0x08000182   0x08000182   0x00000000   Code   RO          813    .ARM.Collect$$libinit$$0000000C  c_w.l(libinit2.o)
    0x08000182   0x08000182   0x00000004   Code   RO          814    .ARM.Collect$$libinit$$0000000D  c_w.l(libinit2.o)
    0x08000186   0x08000186   0x00000000   Code   RO          815    .ARM.Collect$$libinit$$0000000E  c_w.l(libinit2.o)
    0x08000186   0x08000186   0x00000000   Code   RO          818    .ARM.Collect$$libinit$$00000011  c_w.l(libinit2.o)
    0x08000186   0x08000186   0x00000000   Code   RO          820    .ARM.Collect$$libinit$$00000013  c_w.l(libinit2.o)
    0x08000186   0x08000186   0x00000000   Code   RO          822    .ARM.Collect$$libinit$$00000015  c_w.l(libinit2.o)
    0x08000186   0x08000186   0x00000000   Code   RO          824    .ARM.Collect$$libinit$$00000017  c_w.l(libinit2.o)
    0x08000186   0x08000186   0x00000000   Code   RO          826    .ARM.Collect$$libinit$$00000019  c_w.l(libinit2.o)
    0x08000186   0x08000186   0x00000000   Code   RO          828    .ARM.Collect$$libinit$$0000001B  c_w.l(libinit2.o)
    0x08000186   0x08000186   0x00000000   Code   RO          830    .ARM.Collect$$libinit$$0000001D  c_w.l(libinit2.o)
    0x08000186   0x08000186   0x00000000   Code   RO          832    .ARM.Collect$$libinit$$0000001F  c_w.l(libinit2.o)
    0x08000186   0x08000186   0x00000000   Code   RO          834    .ARM.Collect$$libinit$$00000021  c_w.l(libinit2.o)
    0x08000186   0x08000186   0x00000000   Code   RO          836    .ARM.Collect$$libinit$$00000023  c_w.l(libinit2.o)
    0x08000186   0x08000186   0x00000000   Code   RO          838    .ARM.Collect$$libinit$$00000025  c_w.l(libinit2.o)
    0x08000186   0x08000186   0x00000000   Code   RO          842    .ARM.Collect$$libinit$$0000002C  c_w.l(libinit2.o)
    0x08000186   0x08000186   0x00000000   Code   RO          844    .ARM.Collect$$libinit$$0000002E  c_w.l(libinit2.o)
    0x08000186   0x08000186   0x00000000   Code   RO          846    .ARM.Collect$$libinit$$00000030  c_w.l(libinit2.o)
    0x08000186   0x08000186   0x00000000   Code   RO          848    .ARM.Collect$$libinit$$00000032  c_w.l(libinit2.o)
    0x08000186   0x08000186   0x00000002   Code   RO          849    .ARM.Collect$$libinit$$00000033  c_w.l(libinit2.o)
    0x08000188   0x08000188   0x00000002   Code   RO          918    .ARM.Collect$$libshutdown$$00000000  c_w.l(libshutdown.o)
    0x0800018a   0x0800018a   0x00000000   Code   RO          924    .ARM.Collect$$libshutdown$$00000002  c_w.l(libshutdown2.o)
    0x0800018a   0x0800018a   0x00000000   Code   RO          926    .ARM.Collect$$libshutdown$$00000004  c_w.l(libshutdown2.o)
    0x0800018a   0x0800018a   0x00000000   Code   RO          929    .ARM.Collect$$libshutdown$$00000007  c_w.l(libshutdown2.o)
    0x0800018a   0x0800018a   0x00000000   Code   RO          932    .ARM.Collect$$libshutdown$$0000000A  c_w.l(libshutdown2.o)
    0x0800018a   0x0800018a   0x00000000   Code   RO          934    .ARM.Collect$$libshutdown$$0000000C  c_w.l(libshutdown2.o)
    0x0800018a   0x0800018a   0x00000000   Code   RO          937    .ARM.Collect$$libshutdown$$0000000F  c_w.l(libshutdown2.o)
    0x0800018a   0x0800018a   0x00000002   Code   RO          938    .ARM.Collect$$libshutdown$$00000010  c_w.l(libshutdown2.o)
    0x0800018c   0x0800018c   0x00000000   Code   RO          802    .ARM.Collect$$rtentry$$00000000  c_w.l(__rtentry.o)
    0x0800018c   0x0800018c   0x00000000   Code   RO          851    .ARM.Collect$$rtentry$$00000002  c_w.l(__rtentry2.o)
    0x0800018c   0x0800018c   0x00000006   Code   RO          863    .ARM.Collect$$rtentry$$00000004  c_w.l(__rtentry4.o)
    0x08000192   0x08000192   0x00000008   Code   RO          852    .ARM.Collect$$rtentry$$00000008  c_w.l(__rtentry2.o)
    0x0800019a   0x0800019a   0x00000004   Code   RO          854    .ARM.Collect$$rtentry$$0000000A  c_w.l(__rtentry2.o)
    0x0800019e   0x0800019e   0x00000000   Code   RO          856    .ARM.Collect$$rtentry$$0000000C  c_w.l(__rtentry2.o)
    0x0800019e   0x0800019e   0x00000008   Code   RO          857    .ARM.Collect$$rtentry$$0000000D  c_w.l(__rtentry2.o)
    0x080001a6   0x080001a6   0x00000002   Code   RO          886    .ARM.Collect$$rtexit$$00000000  c_w.l(rtexit.o)
    0x080001a8   0x080001a8   0x00000000   Code   RO          898    .ARM.Collect$$rtexit$$00000002  c_w.l(rtexit2.o)
    0x080001a8   0x080001a8   0x00000004   Code   RO          899    .ARM.Collect$$rtexit$$00000003  c_w.l(rtexit2.o)
    0x080001ac   0x080001ac   0x00000006   Code   RO          900    .ARM.Collect$$rtexit$$00000004  c_w.l(rtexit2.o)
    0x080001b2   0x080001b2   0x00000002   PAD
    0x080001b4   0x080001b4   0x00000034   Code   RO          787    .emb_text           c_w.l(rand.o)
    0x080001e8   0x080001e8   0x00000040   Code   RO          263  * .text               startup_stm32f10x_md.o
    0x08000228   0x08000228   0x00000094   Code   RO          560    .text               RTX_CM3.lib(irq_cm3.o)
    0x080002bc   0x080002bc   0x0000003c   Code   RO          788    .text               c_w.l(rand.o)
    0x080002f8   0x080002f8   0x0000004e   Code   RO          796    .text               c_w.l(rt_memclr_w.o)
    0x08000346   0x08000346   0x00000006   Code   RO          798    .text               c_w.l(heapauxi.o)
    0x0800034c   0x0800034c   0x0000004a   Code   RO          869    .text               c_w.l(sys_stackheap_outer.o)
    0x08000396   0x08000396   0x00000012   Code   RO          871    .text               c_w.l(exit.o)
    0x080003a8   0x080003a8   0x00000008   Code   RO          883    .text               c_w.l(libspace.o)
    0x080003b0   0x080003b0   0x00000002   Code   RO          894    .text               c_w.l(use_no_semi.o)
    0x080003b2   0x080003b2   0x00000000   Code   RO          896    .text               c_w.l(indicate_semi.o)
    0x080003b2   0x080003b2   0x00000002   PAD
    0x080003b4   0x080003b4   0x0000000c   Code   RO          910    .text               c_w.l(sys_exit.o)
    0x080003c0   0x080003c0   0x0000000c   Code   RO          703    .text.OS_Tick_AcknowledgeIRQ  RTX_CM3.lib(os_systick.o)
    0x080003cc   0x080003cc   0x00000034   Code   RO          329    .text.osKernelGetState  RTX_CM3.lib(rtx_kernel.o)
    0x08000400   0x08000400   0x0000002c   Code   RO          323    .text.osKernelInitialize  RTX_CM3.lib(rtx_kernel.o)
    0x0800042c   0x0800042c   0x00000024   Code   RO          529    .text.osMutexAcquire  RTX_CM3.lib(rtx_mutex.o)
    0x08000450   0x08000450   0x00000024   Code   RO          535    .text.osMutexDelete  RTX_CM3.lib(rtx_mutex.o)
    0x08000474   0x08000474   0x00000024   Code   RO          525    .text.osMutexNew    RTX_CM3.lib(rtx_mutex.o)
    0x08000498   0x08000498   0x00000024   Code   RO          531    .text.osMutexRelease  RTX_CM3.lib(rtx_mutex.o)
    0x080004bc   0x080004bc   0x00000080   Code   RO          610    .text.osRtxMemoryAlloc  RTX_CM3.lib(rtx_memory.o)
    0x0800053c   0x0800053c   0x00000052   Code   RO          612    .text.osRtxMemoryFree  RTX_CM3.lib(rtx_memory.o)
    0x0800058e   0x0800058e   0x00000036   Code   RO          608    .text.osRtxMemoryInit  RTX_CM3.lib(rtx_memory.o)
    0x080005c4   0x080005c4   0x00000038   Code   RO          627    .text.osRtxMemoryPoolAlloc  RTX_CM3.lib(rtx_mempool.o)
    0x080005fc   0x080005fc   0x00000048   Code   RO          629    .text.osRtxMemoryPoolFree  RTX_CM3.lib(rtx_mempool.o)
    0x08000644   0x08000644   0x00000054   Code   RO          625    .text.osRtxMemoryPoolInit  RTX_CM3.lib(rtx_mempool.o)
    0x08000698   0x08000698   0x00000090   Code   RO          682    .text.osRtxPendSV_Handler  RTX_CM3.lib(rtx_system.o)
    0x08000728   0x08000728   0x00000038   Code   RO          408    .text.osRtxThreadBlock  RTX_CM3.lib(rtx_thread.o)
    0x08000760   0x08000760   0x0000008c   Code   RO          416    .text.osRtxThreadDelayInsert  RTX_CM3.lib(rtx_thread.o)
    0x080007ec   0x080007ec   0x00000058   Code   RO          412    .text.osRtxThreadDelayRemove  RTX_CM3.lib(rtx_thread.o)
    0x08000844   0x08000844   0x00000038   Code   RO          398    .text.osRtxThreadDelayTick  RTX_CM3.lib(rtx_thread.o)
    0x0800087c   0x0800087c   0x00000060   Code   RO          406    .text.osRtxThreadDispatch  RTX_CM3.lib(rtx_thread.o)
    0x080008dc   0x080008dc   0x00000016   Code   RO          390    .text.osRtxThreadListGet  RTX_CM3.lib(rtx_thread.o)
    0x080008f2   0x080008f2   0x0000002c   Code   RO          388    .text.osRtxThreadListPut  RTX_CM3.lib(rtx_thread.o)
    0x0800091e   0x0800091e   0x00000014   Code   RO          394    .text.osRtxThreadListRemove  RTX_CM3.lib(rtx_thread.o)
    0x08000932   0x08000932   0x00000028   Code   RO          392    .text.osRtxThreadListSort  RTX_CM3.lib(rtx_thread.o)
    0x0800095a   0x0800095a   0x00000002   PAD
    0x0800095c   0x0800095c   0x00000014   Code   RO          396    .text.osRtxThreadReadyPut  RTX_CM3.lib(rtx_thread.o)
    0x08000970   0x08000970   0x00000028   Code   RO          404    .text.osRtxThreadStackCheck  RTX_CM3.lib(rtx_thread.o)
    0x08000998   0x08000998   0x00000010   Code   RO          402    .text.osRtxThreadSwitch  RTX_CM3.lib(rtx_thread.o)
    0x080009a8   0x080009a8   0x00000038   Code   RO          414    .text.osRtxThreadWaitEnter  RTX_CM3.lib(rtx_thread.o)
    0x080009e0   0x080009e0   0x00000024   Code   RO          410    .text.osRtxThreadWaitExit  RTX_CM3.lib(rtx_thread.o)
    0x08000a04   0x08000a04   0x00000070   Code   RO          680    .text.osRtxTick_Handler  RTX_CM3.lib(rtx_system.o)
    0x08000a74   0x08000a74   0x0000000c   Code   RO          331    .text.svcRtxKernelGetState  RTX_CM3.lib(rtx_kernel.o)
    0x08000a80   0x08000a80   0x00000178   Code   RO          361    .text.svcRtxKernelInitialize  RTX_CM3.lib(rtx_kernel.o)
    0x08000bf8   0x08000bf8   0x00000094   Code   RO          541    .text.svcRtxMutexAcquire  RTX_CM3.lib(rtx_mutex.o)
    0x08000c8c   0x08000c8c   0x000000c4   Code   RO          547    .text.svcRtxMutexDelete  RTX_CM3.lib(rtx_mutex.o)
    0x08000d50   0x08000d50   0x0000006c   Code   RO          537    .text.svcRtxMutexNew  RTX_CM3.lib(rtx_mutex.o)
    0x08000dbc   0x08000dbc   0x000000b4   Code   RO          543    .text.svcRtxMutexRelease  RTX_CM3.lib(rtx_mutex.o)
    0x08000e70   0x08000e70   0x0000002c   Code   RO           79    i.GPIOx_Init        gt_init.o
    0x08000e9c   0x08000e9c   0x00000008   Code   RO          270    i.SetSysClock       system_stm32f10x.o
    0x08000ea4   0x08000ea4   0x000000e0   Code   RO          271    i.SetSysClockTo72   system_stm32f10x.o
    0x08000f84   0x08000f84   0x00000040   Code   RO           80    i.Substract_Prescaler  gt_init.o
    0x08000fc4   0x08000fc4   0x00000060   Code   RO          273    i.SystemInit        system_stm32f10x.o
    0x08001024   0x08001024   0x00000028   Code   RO           81    i.TIMs_Disable      gt_init.o
    0x0800104c   0x0800104c   0x00000050   Code   RO           82    i.TIMs_Enable       gt_init.o
    0x0800109c   0x0800109c   0x000000a0   Code   RO           83    i.TIMs_Init         gt_init.o
    0x0800113c   0x0800113c   0x00000016   Code   RO          137    i._mutex_acquire    rtx_lib.o
    0x08001152   0x08001152   0x0000000c   Code   RO          138    i._mutex_free       rtx_lib.o
    0x0800115e   0x0800115e   0x00000022   Code   RO          139    i._mutex_initialize  rtx_lib.o
    0x08001180   0x08001180   0x00000012   Code   RO          140    i._mutex_release    rtx_lib.o
    0x08001192   0x08001192   0x00000008   Code   RO          141    i._platform_post_stackheap_init  rtx_lib.o
    0x0800119a   0x0800119a   0x00000002   PAD
    0x0800119c   0x0800119c   0x000000a8   Code   RO            4    i.compare           main.o
    0x08001244   0x08001244   0x00000064   Code   RO            5    i.main              main.o
    0x080012a8   0x080012a8   0x00000020   Code   RO          229    i.osRtxErrorNotify  rtx_config.o
    0x080012c8   0x080012c8   0x00000002   Code   RO          142    i.osRtxKernelPreInit  rtx_lib.o
    0x080012ca   0x080012ca   0x00000002   PAD
    0x080012cc   0x080012cc   0x00000020   Code   RO          143    i.os_kernel_is_active  rtx_lib.o
    0x080012ec   0x080012ec   0x000000e8   Code   RO            6    i.showLED           main.o
    0x080013d4   0x080013d4   0x00000064   Data   RO          150    .constdata          rtx_lib.o
    0x08001438   0x08001438   0x00000001   Data   RO          559    .constdata          RTX_CM3.lib(irq_cm3.o)
    0x08001439   0x08001439   0x00000003   PAD
    0x0800143c   0x0800143c   0x00000068   Data   RO          152    .rodata             rtx_lib.o
    0x080014a4   0x080014a4   0x0000000b   Data   RO          375    .rodata.str1.4      RTX_CM3.lib(rtx_kernel.o)
    0x080014af   0x080014af   0x00000001   PAD
    0x080014b0   0x080014b0   0x00000020   Data   RO          955    Region$$Table       anon$$obj.o


    Execution Region ER_RW (Exec base: 0x20000000, Load base: 0x080014d0, Size: 0x00001400, Max: 0xffffffff, ABSOLUTE, COMPRESSED[0x0000003c])

    Exec Addr    Load Addr    Size         Type   Attr      Idx    E Section Name        Object

    0x20000000   COMPRESSED   0x00001040   Data   RW          144    .bss.os             rtx_lib.o
    0x20001040   COMPRESSED   0x00000034   Data   RW          146    .bss.os.msgqueue.cb  rtx_lib.o
    0x20001074   COMPRESSED   0x00000050   Data   RW          147    .bss.os.msgqueue.mem  rtx_lib.o
    0x200010c4   COMPRESSED   0x00000088   Data   RW          148    .bss.os.thread.cb   rtx_lib.o
    0x2000114c   COMPRESSED   0x00000004   PAD
    0x20001150   COMPRESSED   0x00000200   Data   RW          149    .bss.os.thread.stack  rtx_lib.o
    0x20001350   COMPRESSED   0x00000004   Data   RW           84    .data               gt_init.o
    0x20001354   COMPRESSED   0x00000005   Data   RW          151    .data               rtx_lib.o
    0x20001359   COMPRESSED   0x00000003   PAD
    0x2000135c   COMPRESSED   0x000000a4   Data   RW          376    .data.os            RTX_CM3.lib(rtx_kernel.o)


    Execution Region ER_ZI (Exec base: 0x20001400, Load base: 0x0800150c, Size: 0x00000748, Max: 0xffffffff, ABSOLUTE)

    Exec Addr    Load Addr    Size         Type   Attr      Idx    E Section Name        Object

    0x20001400        -       0x000000e4   Zero   RW          789    .bss                c_w.l(rand.o)
    0x200014e4        -       0x00000060   Zero   RW          884    .bss                c_w.l(libspace.o)
    0x20001544   0x0800150c   0x00000004   PAD
    0x20001548        -       0x00000200   Zero   RW          261    HEAP                startup_stm32f10x_md.o
    0x20001748        -       0x00000400   Zero   RW          260    STACK               startup_stm32f10x_md.o


==============================================================================

Image component sizes


      Code (inc. data)   RO Data    RW Data    ZI Data      Debug   Object Name

       388         44          0          4          0       2398   gt_init.o
       500         20          0          0          0       7103   main.o
        32          6          0          0          0        543   rtx_config.o
       128          4        204       4945          0      16000   rtx_lib.o
        64         26        236          0       1536        820   startup_stm32f10x_md.o
       328         28          0          0          0       2113   system_stm32f10x.o

    ----------------------------------------------------------------------
      1444        128        472       4956       1536      28977   Object Totals
         0          0         32          0          0          0   (incl. Generated)
         4          0          0          7          0          0   (incl. Padding)

    ----------------------------------------------------------------------

      Code (inc. data)   RO Data    RW Data    ZI Data      Debug   Library Member Name

       148         10          1          0          0        492   irq_cm3.o
        12          4          0          0          0       3634   os_systick.o
       484         28         11        164          0      18879   rtx_kernel.o
       264          0          0          0          0       2733   rtx_memory.o
       212          0          0          0          0      17095   rtx_mempool.o
       776         32          0          0          0      10275   rtx_mutex.o
       256         16          0          0          0       5693   rtx_system.o
       730         40          0          0          0      34213   rtx_thread.o
        58          0          0          0          0          0   __dczerorl.o
         8          0          0          0          0         68   __main.o
         0          0          0          0          0          0   __rtentry.o
        20          0          0          0          0          0   __rtentry2.o
         6          0          0          0          0          0   __rtentry4.o
        52          8          0          0          0          0   __scatter.o
        28          0          0          0          0          0   __scatter_zi.o
        18          0          0          0          0         80   exit.o
         6          0          0          0          0        152   heapauxi.o
         0          0          0          0          0          0   indicate_semi.o
         2          0          0          0          0          0   libinit.o
         6          0          0          0          0          0   libinit2.o
         2          0          0          0          0          0   libshutdown.o
         2          0          0          0          0          0   libshutdown2.o
         8          4          0          0         96         68   libspace.o
       112         18          0          0        228        160   rand.o
        78          0          0          0          0         80   rt_memclr_w.o
         2          0          0          0          0          0   rtexit.o
        10          0          0          0          0          0   rtexit2.o
        12          4          0          0          0         68   sys_exit.o
        74          0          0          0          0         80   sys_stackheap_outer.o
         2          0          0          0          0         68   use_no_semi.o

    ----------------------------------------------------------------------
      3396        164         16        164        328      93838   Library Totals
         8          0          4          0          4          0   (incl. Padding)

    ----------------------------------------------------------------------

      Code (inc. data)   RO Data    RW Data    ZI Data      Debug   Library Name

      2882        130         12        164          0      93014   RTX_CM3.lib
       506         34          0          0        324        824   c_w.l

    ----------------------------------------------------------------------
      3396        164         16        164        328      93838   Library Totals

    ----------------------------------------------------------------------

==============================================================================


      Code (inc. data)   RO Data    RW Data    ZI Data      Debug   

      4840        292        488       5120       1864     121571   Grand Totals
      4840        292        488         60       1864     121571   ELF Image Totals (compressed)
      4840        292        488         60          0          0   ROM Totals

==============================================================================

    Total RO  Size (Code + RO Data)                 5328 (   5.20kB)
    Total RW  Size (RW Data + ZI Data)              6984 (   6.82kB)
    Total ROM Size (Code + RO Data + RW Data)       5388 (   5.26kB)

==============================================================================

